Archive member included because of file (symbol)

c:/program files/atmel/atmel toolchain/avr8 gcc/native/3.4.2.939/avr8-gnu-toolchain/bin/../lib/gcc/avr/4.7.2/../../../../avr/lib/avr6\libm.a(fixsfsi.o)
                              parameters.o (__fixsfsi)
c:/program files/atmel/atmel toolchain/avr8 gcc/native/3.4.2.939/avr8-gnu-toolchain/bin/../lib/gcc/avr/4.7.2/../../../../avr/lib/avr6\libm.a(fixunssfsi.o)
                              c:/program files/atmel/atmel toolchain/avr8 gcc/native/3.4.2.939/avr8-gnu-toolchain/bin/../lib/gcc/avr/4.7.2/../../../../avr/lib/avr6\libm.a(fixsfsi.o) (__fixunssfsi)
c:/program files/atmel/atmel toolchain/avr8 gcc/native/3.4.2.939/avr8-gnu-toolchain/bin/../lib/gcc/avr/4.7.2/../../../../avr/lib/avr6\libm.a(floatsisf.o)
                              parameters.o (__floatsisf)
c:/program files/atmel/atmel toolchain/avr8 gcc/native/3.4.2.939/avr8-gnu-toolchain/bin/../lib/gcc/avr/4.7.2/../../../../avr/lib/avr6\libm.a(fp_split3.o)
                              c:/program files/atmel/atmel toolchain/avr8 gcc/native/3.4.2.939/avr8-gnu-toolchain/bin/../lib/gcc/avr/4.7.2/../../../../avr/lib/avr6\libm.a(fixunssfsi.o) (__fp_splitA)
c:/program files/atmel/atmel toolchain/avr8 gcc/native/3.4.2.939/avr8-gnu-toolchain/bin/../lib/gcc/avr/4.7.2/../../../../avr/lib/avr6\libm.a(fp_zero.o)
                              c:/program files/atmel/atmel toolchain/avr8 gcc/native/3.4.2.939/avr8-gnu-toolchain/bin/../lib/gcc/avr/4.7.2/../../../../avr/lib/avr6\libm.a(fixunssfsi.o) (__fp_zero)
c:/program files/atmel/atmel toolchain/avr8 gcc/native/3.4.2.939/avr8-gnu-toolchain/bin/../lib/gcc/avr/4.7.2/../../../../avr/lib/avr6\libm.a(mulsf3.o)
                              parameters.o (__mulsf3)
c:/program files/atmel/atmel toolchain/avr8 gcc/native/3.4.2.939/avr8-gnu-toolchain/bin/../lib/gcc/avr/4.7.2/../../../../avr/lib/avr6\libm.a(mulsf3x.o)
                              c:/program files/atmel/atmel toolchain/avr8 gcc/native/3.4.2.939/avr8-gnu-toolchain/bin/../lib/gcc/avr/4.7.2/../../../../avr/lib/avr6\libm.a(mulsf3.o) (__mulsf3x)
c:/program files/atmel/atmel toolchain/avr8 gcc/native/3.4.2.939/avr8-gnu-toolchain/bin/../lib/gcc/avr/4.7.2/../../../../avr/lib/avr6\libm.a(fp_inf.o)
                              c:/program files/atmel/atmel toolchain/avr8 gcc/native/3.4.2.939/avr8-gnu-toolchain/bin/../lib/gcc/avr/4.7.2/../../../../avr/lib/avr6\libm.a(mulsf3x.o) (__fp_inf)
c:/program files/atmel/atmel toolchain/avr8 gcc/native/3.4.2.939/avr8-gnu-toolchain/bin/../lib/gcc/avr/4.7.2/../../../../avr/lib/avr6\libm.a(fp_nan.o)
                              c:/program files/atmel/atmel toolchain/avr8 gcc/native/3.4.2.939/avr8-gnu-toolchain/bin/../lib/gcc/avr/4.7.2/../../../../avr/lib/avr6\libm.a(mulsf3x.o) (__fp_nan)
c:/program files/atmel/atmel toolchain/avr8 gcc/native/3.4.2.939/avr8-gnu-toolchain/bin/../lib/gcc/avr/4.7.2/../../../../avr/lib/avr6\libm.a(fp_pscA.o)
                              c:/program files/atmel/atmel toolchain/avr8 gcc/native/3.4.2.939/avr8-gnu-toolchain/bin/../lib/gcc/avr/4.7.2/../../../../avr/lib/avr6\libm.a(mulsf3x.o) (__fp_pscA)
c:/program files/atmel/atmel toolchain/avr8 gcc/native/3.4.2.939/avr8-gnu-toolchain/bin/../lib/gcc/avr/4.7.2/../../../../avr/lib/avr6\libm.a(fp_pscB.o)
                              c:/program files/atmel/atmel toolchain/avr8 gcc/native/3.4.2.939/avr8-gnu-toolchain/bin/../lib/gcc/avr/4.7.2/../../../../avr/lib/avr6\libm.a(mulsf3x.o) (__fp_pscB)
c:/program files/atmel/atmel toolchain/avr8 gcc/native/3.4.2.939/avr8-gnu-toolchain/bin/../lib/gcc/avr/4.7.2/../../../../avr/lib/avr6\libm.a(fp_round.o)
                              c:/program files/atmel/atmel toolchain/avr8 gcc/native/3.4.2.939/avr8-gnu-toolchain/bin/../lib/gcc/avr/4.7.2/../../../../avr/lib/avr6\libm.a(mulsf3.o) (__fp_round)
c:/program files/atmel/atmel toolchain/avr8 gcc/native/3.4.2.939/avr8-gnu-toolchain/bin/../lib/gcc/avr/4.7.2/avr6\libgcc.a(_divmodhi4.o)
                              test.o (__divmodhi4)
c:/program files/atmel/atmel toolchain/avr8 gcc/native/3.4.2.939/avr8-gnu-toolchain/bin/../lib/gcc/avr/4.7.2/avr6\libgcc.a(_exit.o)
                              c:/program files/atmel/atmel toolchain/avr8 gcc/native/3.4.2.939/avr8-gnu-toolchain/bin/../lib/gcc/avr/4.7.2/../../../../avr/lib/avr6/crtm2560.o (exit)
c:/program files/atmel/atmel toolchain/avr8 gcc/native/3.4.2.939/avr8-gnu-toolchain/bin/../lib/gcc/avr/4.7.2/avr6\libgcc.a(_copy_data.o)
                              display.o (__do_copy_data)
c:/program files/atmel/atmel toolchain/avr8 gcc/native/3.4.2.939/avr8-gnu-toolchain/bin/../lib/gcc/avr/4.7.2/avr6\libgcc.a(_clear_bss.o)
                              encoder.o (__do_clear_bss)
c:/program files/atmel/atmel toolchain/avr8 gcc/native/3.4.2.939/avr8-gnu-toolchain/bin/../lib/gcc/avr/4.7.2/avr6\libgcc.a(_udivmodhi4.o)
                              c:/program files/atmel/atmel toolchain/avr8 gcc/native/3.4.2.939/avr8-gnu-toolchain/bin/../lib/gcc/avr/4.7.2/avr6\libgcc.a(_divmodhi4.o) (__udivmodhi4)
c:/program files/atmel/atmel toolchain/avr8 gcc/native/3.4.2.939/avr8-gnu-toolchain/bin/../lib/gcc/avr/4.7.2/../../../../avr/lib/avr6\libc.a(strcpy_P.o)
                              display.o (strcpy_P)
c:/program files/atmel/atmel toolchain/avr8 gcc/native/3.4.2.939/avr8-gnu-toolchain/bin/../lib/gcc/avr/4.7.2/../../../../avr/lib/avr6\libc.a(fprintf.o)
                              display.o (fprintf)
c:/program files/atmel/atmel toolchain/avr8 gcc/native/3.4.2.939/avr8-gnu-toolchain/bin/../lib/gcc/avr/4.7.2/../../../../avr/lib/avr6\libc.a(fputc.o)
                              test.o (fputc)
c:/program files/atmel/atmel toolchain/avr8 gcc/native/3.4.2.939/avr8-gnu-toolchain/bin/../lib/gcc/avr/4.7.2/../../../../avr/lib/avr6\libc.a(fputs.o)
                              test.o (fputs)
c:/program files/atmel/atmel toolchain/avr8 gcc/native/3.4.2.939/avr8-gnu-toolchain/bin/../lib/gcc/avr/4.7.2/../../../../avr/lib/avr6\libc.a(iob.o)
                              display.o (__iob)
c:/program files/atmel/atmel toolchain/avr8 gcc/native/3.4.2.939/avr8-gnu-toolchain/bin/../lib/gcc/avr/4.7.2/../../../../avr/lib/avr6\libc.a(vfprintf_std.o)
                              c:/program files/atmel/atmel toolchain/avr8 gcc/native/3.4.2.939/avr8-gnu-toolchain/bin/../lib/gcc/avr/4.7.2/../../../../avr/lib/avr6\libc.a(fprintf.o) (vfprintf)
c:/program files/atmel/atmel toolchain/avr8 gcc/native/3.4.2.939/avr8-gnu-toolchain/bin/../lib/gcc/avr/4.7.2/../../../../avr/lib/avr6\libc.a(strnlen_P.o)
                              c:/program files/atmel/atmel toolchain/avr8 gcc/native/3.4.2.939/avr8-gnu-toolchain/bin/../lib/gcc/avr/4.7.2/../../../../avr/lib/avr6\libc.a(vfprintf_std.o) (strnlen_P)
c:/program files/atmel/atmel toolchain/avr8 gcc/native/3.4.2.939/avr8-gnu-toolchain/bin/../lib/gcc/avr/4.7.2/../../../../avr/lib/avr6\libc.a(strnlen.o)
                              c:/program files/atmel/atmel toolchain/avr8 gcc/native/3.4.2.939/avr8-gnu-toolchain/bin/../lib/gcc/avr/4.7.2/../../../../avr/lib/avr6\libc.a(vfprintf_std.o) (strnlen)
c:/program files/atmel/atmel toolchain/avr8 gcc/native/3.4.2.939/avr8-gnu-toolchain/bin/../lib/gcc/avr/4.7.2/../../../../avr/lib/avr6\libc.a(ultoa_invert.o)
                              c:/program files/atmel/atmel toolchain/avr8 gcc/native/3.4.2.939/avr8-gnu-toolchain/bin/../lib/gcc/avr/4.7.2/../../../../avr/lib/avr6\libc.a(vfprintf_std.o) (__ultoa_invert)

Allocating common symbols
Common symbol       size              file

__iob               0x6               c:/program files/atmel/atmel toolchain/avr8 gcc/native/3.4.2.939/avr8-gnu-toolchain/bin/../lib/gcc/avr/4.7.2/../../../../avr/lib/avr6\libc.a(iob.o)

Discarded input sections

 .bss           0x00000000        0x0 c:/program files/atmel/atmel toolchain/avr8 gcc/native/3.4.2.939/avr8-gnu-toolchain/bin/../lib/gcc/avr/4.7.2/../../../../avr/lib/avr6/crtm2560.o
 .text          0x00000000        0x0 display.o
 .bss           0x00000000        0x0 display.o
 .text.init_text
                0x00000000        0x2 display.o
 .text          0x00000000        0x0 encoder.o
 .bss           0x00000000        0x0 encoder.o
 .text.encoder_change2
                0x00000000       0xd8 encoder.o
 .text          0x00000000        0x0 hd44780.o
 .bss           0x00000000        0x0 hd44780.o
 .text.hd44780_powerdown
                0x00000000        0xa hd44780.o
 .text.hd44780_test
                0x00000000       0x1c hd44780.o
 .text          0x00000000        0x0 hpi.o
 .bss           0x00000000        0x0 hpi.o
 .text.hpi_test
                0x00000000       0x3a hpi.o
 .text.hpi_test2
                0x00000000       0x66 hpi.o
 .text          0x00000000        0x0 lcd.o
 .bss           0x00000000        0x0 lcd.o
 .text          0x00000000        0x0 parameters.o
 .bss           0x00000000        0x0 parameters.o
 .text.parameters_save
                0x00000000        0x2 parameters.o
 .text.parameters_lod
                0x00000000        0x2 parameters.o
 .text          0x00000000        0x0 test.o
 .bss           0x00000000        0x0 test.o
 .text          0x00000000        0x0 uart.o
 .bss           0x00000000        0x0 uart.o
 .text          0x00000000        0x0 c:/program files/atmel/atmel toolchain/avr8 gcc/native/3.4.2.939/avr8-gnu-toolchain/bin/../lib/gcc/avr/4.7.2/../../../../avr/lib/avr6\libm.a(fixsfsi.o)
 .bss           0x00000000        0x0 c:/program files/atmel/atmel toolchain/avr8 gcc/native/3.4.2.939/avr8-gnu-toolchain/bin/../lib/gcc/avr/4.7.2/../../../../avr/lib/avr6\libm.a(fixsfsi.o)
 .text          0x00000000        0x0 c:/program files/atmel/atmel toolchain/avr8 gcc/native/3.4.2.939/avr8-gnu-toolchain/bin/../lib/gcc/avr/4.7.2/../../../../avr/lib/avr6\libm.a(fixunssfsi.o)
 .bss           0x00000000        0x0 c:/program files/atmel/atmel toolchain/avr8 gcc/native/3.4.2.939/avr8-gnu-toolchain/bin/../lib/gcc/avr/4.7.2/../../../../avr/lib/avr6\libm.a(fixunssfsi.o)
 .text          0x00000000        0x0 c:/program files/atmel/atmel toolchain/avr8 gcc/native/3.4.2.939/avr8-gnu-toolchain/bin/../lib/gcc/avr/4.7.2/../../../../avr/lib/avr6\libm.a(floatsisf.o)
 .bss           0x00000000        0x0 c:/program files/atmel/atmel toolchain/avr8 gcc/native/3.4.2.939/avr8-gnu-toolchain/bin/../lib/gcc/avr/4.7.2/../../../../avr/lib/avr6\libm.a(floatsisf.o)
 .text          0x00000000        0x0 c:/program files/atmel/atmel toolchain/avr8 gcc/native/3.4.2.939/avr8-gnu-toolchain/bin/../lib/gcc/avr/4.7.2/../../../../avr/lib/avr6\libm.a(fp_split3.o)
 .bss           0x00000000        0x0 c:/program files/atmel/atmel toolchain/avr8 gcc/native/3.4.2.939/avr8-gnu-toolchain/bin/../lib/gcc/avr/4.7.2/../../../../avr/lib/avr6\libm.a(fp_split3.o)
 .text          0x00000000        0x0 c:/program files/atmel/atmel toolchain/avr8 gcc/native/3.4.2.939/avr8-gnu-toolchain/bin/../lib/gcc/avr/4.7.2/../../../../avr/lib/avr6\libm.a(fp_zero.o)
 .bss           0x00000000        0x0 c:/program files/atmel/atmel toolchain/avr8 gcc/native/3.4.2.939/avr8-gnu-toolchain/bin/../lib/gcc/avr/4.7.2/../../../../avr/lib/avr6\libm.a(fp_zero.o)
 .text          0x00000000        0x0 c:/program files/atmel/atmel toolchain/avr8 gcc/native/3.4.2.939/avr8-gnu-toolchain/bin/../lib/gcc/avr/4.7.2/../../../../avr/lib/avr6\libm.a(mulsf3.o)
 .bss           0x00000000        0x0 c:/program files/atmel/atmel toolchain/avr8 gcc/native/3.4.2.939/avr8-gnu-toolchain/bin/../lib/gcc/avr/4.7.2/../../../../avr/lib/avr6\libm.a(mulsf3.o)
 .text          0x00000000        0x0 c:/program files/atmel/atmel toolchain/avr8 gcc/native/3.4.2.939/avr8-gnu-toolchain/bin/../lib/gcc/avr/4.7.2/../../../../avr/lib/avr6\libm.a(mulsf3x.o)
 .bss           0x00000000        0x0 c:/program files/atmel/atmel toolchain/avr8 gcc/native/3.4.2.939/avr8-gnu-toolchain/bin/../lib/gcc/avr/4.7.2/../../../../avr/lib/avr6\libm.a(mulsf3x.o)
 .text          0x00000000        0x0 c:/program files/atmel/atmel toolchain/avr8 gcc/native/3.4.2.939/avr8-gnu-toolchain/bin/../lib/gcc/avr/4.7.2/../../../../avr/lib/avr6\libm.a(fp_inf.o)
 .bss           0x00000000        0x0 c:/program files/atmel/atmel toolchain/avr8 gcc/native/3.4.2.939/avr8-gnu-toolchain/bin/../lib/gcc/avr/4.7.2/../../../../avr/lib/avr6\libm.a(fp_inf.o)
 .text          0x00000000        0x0 c:/program files/atmel/atmel toolchain/avr8 gcc/native/3.4.2.939/avr8-gnu-toolchain/bin/../lib/gcc/avr/4.7.2/../../../../avr/lib/avr6\libm.a(fp_nan.o)
 .bss           0x00000000        0x0 c:/program files/atmel/atmel toolchain/avr8 gcc/native/3.4.2.939/avr8-gnu-toolchain/bin/../lib/gcc/avr/4.7.2/../../../../avr/lib/avr6\libm.a(fp_nan.o)
 .text          0x00000000        0x0 c:/program files/atmel/atmel toolchain/avr8 gcc/native/3.4.2.939/avr8-gnu-toolchain/bin/../lib/gcc/avr/4.7.2/../../../../avr/lib/avr6\libm.a(fp_pscA.o)
 .bss           0x00000000        0x0 c:/program files/atmel/atmel toolchain/avr8 gcc/native/3.4.2.939/avr8-gnu-toolchain/bin/../lib/gcc/avr/4.7.2/../../../../avr/lib/avr6\libm.a(fp_pscA.o)
 .text          0x00000000        0x0 c:/program files/atmel/atmel toolchain/avr8 gcc/native/3.4.2.939/avr8-gnu-toolchain/bin/../lib/gcc/avr/4.7.2/../../../../avr/lib/avr6\libm.a(fp_pscB.o)
 .bss           0x00000000        0x0 c:/program files/atmel/atmel toolchain/avr8 gcc/native/3.4.2.939/avr8-gnu-toolchain/bin/../lib/gcc/avr/4.7.2/../../../../avr/lib/avr6\libm.a(fp_pscB.o)
 .text          0x00000000        0x0 c:/program files/atmel/atmel toolchain/avr8 gcc/native/3.4.2.939/avr8-gnu-toolchain/bin/../lib/gcc/avr/4.7.2/../../../../avr/lib/avr6\libm.a(fp_round.o)
 .bss           0x00000000        0x0 c:/program files/atmel/atmel toolchain/avr8 gcc/native/3.4.2.939/avr8-gnu-toolchain/bin/../lib/gcc/avr/4.7.2/../../../../avr/lib/avr6\libm.a(fp_round.o)
 .text          0x00000000        0x0 c:/program files/atmel/atmel toolchain/avr8 gcc/native/3.4.2.939/avr8-gnu-toolchain/bin/../lib/gcc/avr/4.7.2/avr6\libgcc.a(_divmodhi4.o)
 .bss           0x00000000        0x0 c:/program files/atmel/atmel toolchain/avr8 gcc/native/3.4.2.939/avr8-gnu-toolchain/bin/../lib/gcc/avr/4.7.2/avr6\libgcc.a(_divmodhi4.o)
 .text.libgcc.mul
                0x00000000        0x0 c:/program files/atmel/atmel toolchain/avr8 gcc/native/3.4.2.939/avr8-gnu-toolchain/bin/../lib/gcc/avr/4.7.2/avr6\libgcc.a(_divmodhi4.o)
 .text.libgcc   0x00000000        0x0 c:/program files/atmel/atmel toolchain/avr8 gcc/native/3.4.2.939/avr8-gnu-toolchain/bin/../lib/gcc/avr/4.7.2/avr6\libgcc.a(_divmodhi4.o)
 .text.libgcc.prologue
                0x00000000        0x0 c:/program files/atmel/atmel toolchain/avr8 gcc/native/3.4.2.939/avr8-gnu-toolchain/bin/../lib/gcc/avr/4.7.2/avr6\libgcc.a(_divmodhi4.o)
 .text.libgcc.builtins
                0x00000000        0x0 c:/program files/atmel/atmel toolchain/avr8 gcc/native/3.4.2.939/avr8-gnu-toolchain/bin/../lib/gcc/avr/4.7.2/avr6\libgcc.a(_divmodhi4.o)
 .text.libgcc.fmul
                0x00000000        0x0 c:/program files/atmel/atmel toolchain/avr8 gcc/native/3.4.2.939/avr8-gnu-toolchain/bin/../lib/gcc/avr/4.7.2/avr6\libgcc.a(_divmodhi4.o)
 .text          0x00000000        0x0 c:/program files/atmel/atmel toolchain/avr8 gcc/native/3.4.2.939/avr8-gnu-toolchain/bin/../lib/gcc/avr/4.7.2/avr6\libgcc.a(_exit.o)
 .bss           0x00000000        0x0 c:/program files/atmel/atmel toolchain/avr8 gcc/native/3.4.2.939/avr8-gnu-toolchain/bin/../lib/gcc/avr/4.7.2/avr6\libgcc.a(_exit.o)
 .text.libgcc.mul
                0x00000000        0x0 c:/program files/atmel/atmel toolchain/avr8 gcc/native/3.4.2.939/avr8-gnu-toolchain/bin/../lib/gcc/avr/4.7.2/avr6\libgcc.a(_exit.o)
 .text.libgcc.div
                0x00000000        0x0 c:/program files/atmel/atmel toolchain/avr8 gcc/native/3.4.2.939/avr8-gnu-toolchain/bin/../lib/gcc/avr/4.7.2/avr6\libgcc.a(_exit.o)
 .text.libgcc   0x00000000        0x0 c:/program files/atmel/atmel toolchain/avr8 gcc/native/3.4.2.939/avr8-gnu-toolchain/bin/../lib/gcc/avr/4.7.2/avr6\libgcc.a(_exit.o)
 .text.libgcc.prologue
                0x00000000        0x0 c:/program files/atmel/atmel toolchain/avr8 gcc/native/3.4.2.939/avr8-gnu-toolchain/bin/../lib/gcc/avr/4.7.2/avr6\libgcc.a(_exit.o)
 .text.libgcc.builtins
                0x00000000        0x0 c:/program files/atmel/atmel toolchain/avr8 gcc/native/3.4.2.939/avr8-gnu-toolchain/bin/../lib/gcc/avr/4.7.2/avr6\libgcc.a(_exit.o)
 .text.libgcc.fmul
                0x00000000        0x0 c:/program files/atmel/atmel toolchain/avr8 gcc/native/3.4.2.939/avr8-gnu-toolchain/bin/../lib/gcc/avr/4.7.2/avr6\libgcc.a(_exit.o)
 .text          0x00000000        0x0 c:/program files/atmel/atmel toolchain/avr8 gcc/native/3.4.2.939/avr8-gnu-toolchain/bin/../lib/gcc/avr/4.7.2/avr6\libgcc.a(_copy_data.o)
 .bss           0x00000000        0x0 c:/program files/atmel/atmel toolchain/avr8 gcc/native/3.4.2.939/avr8-gnu-toolchain/bin/../lib/gcc/avr/4.7.2/avr6\libgcc.a(_copy_data.o)
 .text.libgcc.mul
                0x00000000        0x0 c:/program files/atmel/atmel toolchain/avr8 gcc/native/3.4.2.939/avr8-gnu-toolchain/bin/../lib/gcc/avr/4.7.2/avr6\libgcc.a(_copy_data.o)
 .text.libgcc.div
                0x00000000        0x0 c:/program files/atmel/atmel toolchain/avr8 gcc/native/3.4.2.939/avr8-gnu-toolchain/bin/../lib/gcc/avr/4.7.2/avr6\libgcc.a(_copy_data.o)
 .text.libgcc   0x00000000        0x0 c:/program files/atmel/atmel toolchain/avr8 gcc/native/3.4.2.939/avr8-gnu-toolchain/bin/../lib/gcc/avr/4.7.2/avr6\libgcc.a(_copy_data.o)
 .text.libgcc.prologue
                0x00000000        0x0 c:/program files/atmel/atmel toolchain/avr8 gcc/native/3.4.2.939/avr8-gnu-toolchain/bin/../lib/gcc/avr/4.7.2/avr6\libgcc.a(_copy_data.o)
 .text.libgcc.builtins
                0x00000000        0x0 c:/program files/atmel/atmel toolchain/avr8 gcc/native/3.4.2.939/avr8-gnu-toolchain/bin/../lib/gcc/avr/4.7.2/avr6\libgcc.a(_copy_data.o)
 .text.libgcc.fmul
                0x00000000        0x0 c:/program files/atmel/atmel toolchain/avr8 gcc/native/3.4.2.939/avr8-gnu-toolchain/bin/../lib/gcc/avr/4.7.2/avr6\libgcc.a(_copy_data.o)
 .text          0x00000000        0x0 c:/program files/atmel/atmel toolchain/avr8 gcc/native/3.4.2.939/avr8-gnu-toolchain/bin/../lib/gcc/avr/4.7.2/avr6\libgcc.a(_clear_bss.o)
 .bss           0x00000000        0x0 c:/program files/atmel/atmel toolchain/avr8 gcc/native/3.4.2.939/avr8-gnu-toolchain/bin/../lib/gcc/avr/4.7.2/avr6\libgcc.a(_clear_bss.o)
 .text.libgcc.mul
                0x00000000        0x0 c:/program files/atmel/atmel toolchain/avr8 gcc/native/3.4.2.939/avr8-gnu-toolchain/bin/../lib/gcc/avr/4.7.2/avr6\libgcc.a(_clear_bss.o)
 .text.libgcc.div
                0x00000000        0x0 c:/program files/atmel/atmel toolchain/avr8 gcc/native/3.4.2.939/avr8-gnu-toolchain/bin/../lib/gcc/avr/4.7.2/avr6\libgcc.a(_clear_bss.o)
 .text.libgcc   0x00000000        0x0 c:/program files/atmel/atmel toolchain/avr8 gcc/native/3.4.2.939/avr8-gnu-toolchain/bin/../lib/gcc/avr/4.7.2/avr6\libgcc.a(_clear_bss.o)
 .text.libgcc.prologue
                0x00000000        0x0 c:/program files/atmel/atmel toolchain/avr8 gcc/native/3.4.2.939/avr8-gnu-toolchain/bin/../lib/gcc/avr/4.7.2/avr6\libgcc.a(_clear_bss.o)
 .text.libgcc.builtins
                0x00000000        0x0 c:/program files/atmel/atmel toolchain/avr8 gcc/native/3.4.2.939/avr8-gnu-toolchain/bin/../lib/gcc/avr/4.7.2/avr6\libgcc.a(_clear_bss.o)
 .text.libgcc.fmul
                0x00000000        0x0 c:/program files/atmel/atmel toolchain/avr8 gcc/native/3.4.2.939/avr8-gnu-toolchain/bin/../lib/gcc/avr/4.7.2/avr6\libgcc.a(_clear_bss.o)
 .text          0x00000000        0x0 c:/program files/atmel/atmel toolchain/avr8 gcc/native/3.4.2.939/avr8-gnu-toolchain/bin/../lib/gcc/avr/4.7.2/avr6\libgcc.a(_udivmodhi4.o)
 .bss           0x00000000        0x0 c:/program files/atmel/atmel toolchain/avr8 gcc/native/3.4.2.939/avr8-gnu-toolchain/bin/../lib/gcc/avr/4.7.2/avr6\libgcc.a(_udivmodhi4.o)
 .text.libgcc.mul
                0x00000000        0x0 c:/program files/atmel/atmel toolchain/avr8 gcc/native/3.4.2.939/avr8-gnu-toolchain/bin/../lib/gcc/avr/4.7.2/avr6\libgcc.a(_udivmodhi4.o)
 .text.libgcc   0x00000000        0x0 c:/program files/atmel/atmel toolchain/avr8 gcc/native/3.4.2.939/avr8-gnu-toolchain/bin/../lib/gcc/avr/4.7.2/avr6\libgcc.a(_udivmodhi4.o)
 .text.libgcc.prologue
                0x00000000        0x0 c:/program files/atmel/atmel toolchain/avr8 gcc/native/3.4.2.939/avr8-gnu-toolchain/bin/../lib/gcc/avr/4.7.2/avr6\libgcc.a(_udivmodhi4.o)
 .text.libgcc.builtins
                0x00000000        0x0 c:/program files/atmel/atmel toolchain/avr8 gcc/native/3.4.2.939/avr8-gnu-toolchain/bin/../lib/gcc/avr/4.7.2/avr6\libgcc.a(_udivmodhi4.o)
 .text.libgcc.fmul
                0x00000000        0x0 c:/program files/atmel/atmel toolchain/avr8 gcc/native/3.4.2.939/avr8-gnu-toolchain/bin/../lib/gcc/avr/4.7.2/avr6\libgcc.a(_udivmodhi4.o)
 .text          0x00000000        0x0 c:/program files/atmel/atmel toolchain/avr8 gcc/native/3.4.2.939/avr8-gnu-toolchain/bin/../lib/gcc/avr/4.7.2/../../../../avr/lib/avr6\libc.a(strcpy_P.o)
 .bss           0x00000000        0x0 c:/program files/atmel/atmel toolchain/avr8 gcc/native/3.4.2.939/avr8-gnu-toolchain/bin/../lib/gcc/avr/4.7.2/../../../../avr/lib/avr6\libc.a(strcpy_P.o)
 .text          0x00000000        0x0 c:/program files/atmel/atmel toolchain/avr8 gcc/native/3.4.2.939/avr8-gnu-toolchain/bin/../lib/gcc/avr/4.7.2/../../../../avr/lib/avr6\libc.a(fprintf.o)
 .bss           0x00000000        0x0 c:/program files/atmel/atmel toolchain/avr8 gcc/native/3.4.2.939/avr8-gnu-toolchain/bin/../lib/gcc/avr/4.7.2/../../../../avr/lib/avr6\libc.a(fprintf.o)
 .text          0x00000000        0x0 c:/program files/atmel/atmel toolchain/avr8 gcc/native/3.4.2.939/avr8-gnu-toolchain/bin/../lib/gcc/avr/4.7.2/../../../../avr/lib/avr6\libc.a(fputc.o)
 .bss           0x00000000        0x0 c:/program files/atmel/atmel toolchain/avr8 gcc/native/3.4.2.939/avr8-gnu-toolchain/bin/../lib/gcc/avr/4.7.2/../../../../avr/lib/avr6\libc.a(fputc.o)
 .text          0x00000000        0x0 c:/program files/atmel/atmel toolchain/avr8 gcc/native/3.4.2.939/avr8-gnu-toolchain/bin/../lib/gcc/avr/4.7.2/../../../../avr/lib/avr6\libc.a(fputs.o)
 .bss           0x00000000        0x0 c:/program files/atmel/atmel toolchain/avr8 gcc/native/3.4.2.939/avr8-gnu-toolchain/bin/../lib/gcc/avr/4.7.2/../../../../avr/lib/avr6\libc.a(fputs.o)
 .text          0x00000000        0x0 c:/program files/atmel/atmel toolchain/avr8 gcc/native/3.4.2.939/avr8-gnu-toolchain/bin/../lib/gcc/avr/4.7.2/../../../../avr/lib/avr6\libc.a(iob.o)
 .bss           0x00000000        0x0 c:/program files/atmel/atmel toolchain/avr8 gcc/native/3.4.2.939/avr8-gnu-toolchain/bin/../lib/gcc/avr/4.7.2/../../../../avr/lib/avr6\libc.a(iob.o)
 .text          0x00000000        0x0 c:/program files/atmel/atmel toolchain/avr8 gcc/native/3.4.2.939/avr8-gnu-toolchain/bin/../lib/gcc/avr/4.7.2/../../../../avr/lib/avr6\libc.a(vfprintf_std.o)
 .bss           0x00000000        0x0 c:/program files/atmel/atmel toolchain/avr8 gcc/native/3.4.2.939/avr8-gnu-toolchain/bin/../lib/gcc/avr/4.7.2/../../../../avr/lib/avr6\libc.a(vfprintf_std.o)
 .text          0x00000000        0x0 c:/program files/atmel/atmel toolchain/avr8 gcc/native/3.4.2.939/avr8-gnu-toolchain/bin/../lib/gcc/avr/4.7.2/../../../../avr/lib/avr6\libc.a(strnlen_P.o)
 .bss           0x00000000        0x0 c:/program files/atmel/atmel toolchain/avr8 gcc/native/3.4.2.939/avr8-gnu-toolchain/bin/../lib/gcc/avr/4.7.2/../../../../avr/lib/avr6\libc.a(strnlen_P.o)
 .text          0x00000000        0x0 c:/program files/atmel/atmel toolchain/avr8 gcc/native/3.4.2.939/avr8-gnu-toolchain/bin/../lib/gcc/avr/4.7.2/../../../../avr/lib/avr6\libc.a(strnlen.o)
 .bss           0x00000000        0x0 c:/program files/atmel/atmel toolchain/avr8 gcc/native/3.4.2.939/avr8-gnu-toolchain/bin/../lib/gcc/avr/4.7.2/../../../../avr/lib/avr6\libc.a(strnlen.o)
 .text          0x00000000        0x0 c:/program files/atmel/atmel toolchain/avr8 gcc/native/3.4.2.939/avr8-gnu-toolchain/bin/../lib/gcc/avr/4.7.2/../../../../avr/lib/avr6\libc.a(ultoa_invert.o)
 .bss           0x00000000        0x0 c:/program files/atmel/atmel toolchain/avr8 gcc/native/3.4.2.939/avr8-gnu-toolchain/bin/../lib/gcc/avr/4.7.2/../../../../avr/lib/avr6\libc.a(ultoa_invert.o)

Memory Configuration

Name             Origin             Length             Attributes
text             0x00000000         0x00100000         xr
data             0x00800200         0x0000fe00         rw !x
eeprom           0x00810000         0x00010000         rw !x
fuse             0x00820000         0x00000400         rw !x
lock             0x00830000         0x00000400         rw !x
signature        0x00840000         0x00000400         rw !x
user_signatures  0x00850000         0x00000400         rw !x
*default*        0x00000000         0xffffffff

Linker script and memory map

Address of section .data set to 0x800200
LOAD c:/program files/atmel/atmel toolchain/avr8 gcc/native/3.4.2.939/avr8-gnu-toolchain/bin/../lib/gcc/avr/4.7.2/../../../../avr/lib/avr6/crtm2560.o
LOAD display.o
LOAD encoder.o
LOAD hd44780.o
LOAD hpi.o
LOAD lcd.o
LOAD parameters.o
LOAD test.o
LOAD uart.o
START GROUP
LOAD c:/program files/atmel/atmel toolchain/avr8 gcc/native/3.4.2.939/avr8-gnu-toolchain/bin/../lib/gcc/avr/4.7.2/../../../../avr/lib/avr6\libm.a
END GROUP
LOAD c:/program files/atmel/atmel toolchain/avr8 gcc/native/3.4.2.939/avr8-gnu-toolchain/bin/../lib/gcc/avr/4.7.2/avr6\libgcc.a
LOAD c:/program files/atmel/atmel toolchain/avr8 gcc/native/3.4.2.939/avr8-gnu-toolchain/bin/../lib/gcc/avr/4.7.2/../../../../avr/lib/avr6\libc.a
LOAD c:/program files/atmel/atmel toolchain/avr8 gcc/native/3.4.2.939/avr8-gnu-toolchain/bin/../lib/gcc/avr/4.7.2/avr6\libgcc.a

.hash
 *(.hash)

.dynsym
 *(.dynsym)

.dynstr
 *(.dynstr)

.gnu.version
 *(.gnu.version)

.gnu.version_d
 *(.gnu.version_d)

.gnu.version_r
 *(.gnu.version_r)

.rel.init
 *(.rel.init)

.rela.init
 *(.rela.init)

.rel.text
 *(.rel.text)
 *(.rel.text.*)
 *(.rel.gnu.linkonce.t*)

.rela.text
 *(.rela.text)
 *(.rela.text.*)
 *(.rela.gnu.linkonce.t*)

.rel.fini
 *(.rel.fini)

.rela.fini
 *(.rela.fini)

.rel.rodata
 *(.rel.rodata)
 *(.rel.rodata.*)
 *(.rel.gnu.linkonce.r*)

.rela.rodata
 *(.rela.rodata)
 *(.rela.rodata.*)
 *(.rela.gnu.linkonce.r*)

.rel.data
 *(.rel.data)
 *(.rel.data.*)
 *(.rel.gnu.linkonce.d*)

.rela.data
 *(.rela.data)
 *(.rela.data.*)
 *(.rela.gnu.linkonce.d*)

.rel.ctors
 *(.rel.ctors)

.rela.ctors
 *(.rela.ctors)

.rel.dtors
 *(.rel.dtors)

.rela.dtors
 *(.rela.dtors)

.rel.got
 *(.rel.got)

.rela.got
 *(.rela.got)

.rel.bss
 *(.rel.bss)

.rela.bss
 *(.rela.bss)

.rel.plt
 *(.rel.plt)

.rela.plt
 *(.rela.plt)

.text           0x00000000     0x1eb0
 *(.vectors)
 .vectors       0x00000000       0xe4 c:/program files/atmel/atmel toolchain/avr8 gcc/native/3.4.2.939/avr8-gnu-toolchain/bin/../lib/gcc/avr/4.7.2/../../../../avr/lib/avr6/crtm2560.o
                0x00000000                __vector_default
                0x00000000                __vectors
 *(.vectors)
 *(.progmem.gcc*)
 *(.progmem*)
 .progmem.data.text_parameter_table
                0x000000e4       0x7e display.o
                0x000000e4                text_parameter_table
 .progmem.data.text_parameter0907
                0x00000162       0x13 display.o
                0x00000162                text_parameter0907
 .progmem.data.text_parameter0906
                0x00000175       0x13 display.o
                0x00000175                text_parameter0906
 .progmem.data.text_parameter0905
                0x00000188       0x13 display.o
                0x00000188                text_parameter0905
 .progmem.data.text_parameter0904
                0x0000019b       0x13 display.o
                0x0000019b                text_parameter0904
 .progmem.data.text_parameter0903
                0x000001ae       0x13 display.o
                0x000001ae                text_parameter0903
 .progmem.data.text_parameter0902
                0x000001c1       0x14 display.o
                0x000001c1                text_parameter0902
 .progmem.data.text_parameter0901
                0x000001d5       0x14 display.o
                0x000001d5                text_parameter0901
 .progmem.data.text_parameter0807
                0x000001e9       0x13 display.o
                0x000001e9                text_parameter0807
 .progmem.data.text_parameter0806
                0x000001fc       0x13 display.o
                0x000001fc                text_parameter0806
 .progmem.data.text_parameter0805
                0x0000020f       0x13 display.o
                0x0000020f                text_parameter0805
 .progmem.data.text_parameter0804
                0x00000222       0x14 display.o
                0x00000222                text_parameter0804
 .progmem.data.text_parameter0803
                0x00000236       0x14 display.o
                0x00000236                text_parameter0803
 .progmem.data.text_parameter0802
                0x0000024a       0x13 display.o
                0x0000024a                text_parameter0802
 .progmem.data.text_parameter0801
                0x0000025d       0x14 display.o
                0x0000025d                text_parameter0801
 .progmem.data.text_parameter0707
                0x00000271       0x13 display.o
                0x00000271                text_parameter0707
 .progmem.data.text_parameter0706
                0x00000284       0x13 display.o
                0x00000284                text_parameter0706
 .progmem.data.text_parameter0705
                0x00000297       0x13 display.o
                0x00000297                text_parameter0705
 .progmem.data.text_parameter0704
                0x000002aa       0x14 display.o
                0x000002aa                text_parameter0704
 .progmem.data.text_parameter0703
                0x000002be       0x14 display.o
                0x000002be                text_parameter0703
 .progmem.data.text_parameter0702
                0x000002d2       0x14 display.o
                0x000002d2                text_parameter0702
 .progmem.data.text_parameter0701
                0x000002e6       0x14 display.o
                0x000002e6                text_parameter0701
 .progmem.data.text_parameter0607
                0x000002fa       0x13 display.o
                0x000002fa                text_parameter0607
 .progmem.data.text_parameter0606
                0x0000030d       0x13 display.o
                0x0000030d                text_parameter0606
 .progmem.data.text_parameter0605
                0x00000320       0x14 display.o
                0x00000320                text_parameter0605
 .progmem.data.text_parameter0604
                0x00000334       0x14 display.o
                0x00000334                text_parameter0604
 .progmem.data.text_parameter0603
                0x00000348       0x13 display.o
                0x00000348                text_parameter0603
 .progmem.data.text_parameter0602
                0x0000035b       0x13 display.o
                0x0000035b                text_parameter0602
 .progmem.data.text_parameter0601
                0x0000036e       0x14 display.o
                0x0000036e                text_parameter0601
 .progmem.data.text_parameter0507
                0x00000382       0x13 display.o
                0x00000382                text_parameter0507
 .progmem.data.text_parameter0506
                0x00000395       0x13 display.o
                0x00000395                text_parameter0506
 .progmem.data.text_parameter0505
                0x000003a8       0x13 display.o
                0x000003a8                text_parameter0505
 .progmem.data.text_parameter0504
                0x000003bb       0x14 display.o
                0x000003bb                text_parameter0504
 .progmem.data.text_parameter0503
                0x000003cf       0x14 display.o
                0x000003cf                text_parameter0503
 .progmem.data.text_parameter0502
                0x000003e3       0x13 display.o
                0x000003e3                text_parameter0502
 .progmem.data.text_parameter0501
                0x000003f6       0x13 display.o
                0x000003f6                text_parameter0501
 .progmem.data.text_parameter0407
                0x00000409       0x13 display.o
                0x00000409                text_parameter0407
 .progmem.data.text_parameter0406
                0x0000041c       0x13 display.o
                0x0000041c                text_parameter0406
 .progmem.data.text_parameter0405
                0x0000042f       0x13 display.o
                0x0000042f                text_parameter0405
 .progmem.data.text_parameter0404
                0x00000442       0x14 display.o
                0x00000442                text_parameter0404
 .progmem.data.text_parameter0403
                0x00000456       0x14 display.o
                0x00000456                text_parameter0403
 .progmem.data.text_parameter0402
                0x0000046a       0x13 display.o
                0x0000046a                text_parameter0402
 .progmem.data.text_parameter0401
                0x0000047d       0x13 display.o
                0x0000047d                text_parameter0401
 .progmem.data.text_parameter0307
                0x00000490       0x13 display.o
                0x00000490                text_parameter0307
 .progmem.data.text_parameter0306
                0x000004a3       0x13 display.o
                0x000004a3                text_parameter0306
 .progmem.data.text_parameter0305
                0x000004b6       0x13 display.o
                0x000004b6                text_parameter0305
 .progmem.data.text_parameter0304
                0x000004c9       0x14 display.o
                0x000004c9                text_parameter0304
 .progmem.data.text_parameter0303
                0x000004dd       0x14 display.o
                0x000004dd                text_parameter0303
 .progmem.data.text_parameter0302
                0x000004f1       0x13 display.o
                0x000004f1                text_parameter0302
 .progmem.data.text_parameter0301
                0x00000504       0x13 display.o
                0x00000504                text_parameter0301
 .progmem.data.text_parameter0207
                0x00000517       0x13 display.o
                0x00000517                text_parameter0207
 .progmem.data.text_parameter0206
                0x0000052a       0x13 display.o
                0x0000052a                text_parameter0206
 .progmem.data.text_parameter0205
                0x0000053d       0x14 display.o
                0x0000053d                text_parameter0205
 .progmem.data.text_parameter0204
                0x00000551       0x14 display.o
                0x00000551                text_parameter0204
 .progmem.data.text_parameter0203
                0x00000565       0x14 display.o
                0x00000565                text_parameter0203
 .progmem.data.text_parameter0202
                0x00000579       0x14 display.o
                0x00000579                text_parameter0202
 .progmem.data.text_parameter0201
                0x0000058d       0x14 display.o
                0x0000058d                text_parameter0201
 .progmem.data.text_parameter0107
                0x000005a1       0x14 display.o
                0x000005a1                text_parameter0107
 .progmem.data.text_parameter0106
                0x000005b5       0x14 display.o
                0x000005b5                text_parameter0106
 .progmem.data.text_parameter0105
                0x000005c9       0x14 display.o
                0x000005c9                text_parameter0105
 .progmem.data.text_parameter0104
                0x000005dd       0x14 display.o
                0x000005dd                text_parameter0104
 .progmem.data.text_parameter0103
                0x000005f1       0x14 display.o
                0x000005f1                text_parameter0103
 .progmem.data.text_parameter0102
                0x00000605       0x13 display.o
                0x00000605                text_parameter0102
 .progmem.data.text_parameter0101
                0x00000618       0x14 display.o
                0x00000618                text_parameter0101
 .progmem.data.text_effect_table
                0x0000062c       0x12 display.o
                0x0000062c                text_effect_table
 .progmem.data.text_effect09
                0x0000063e       0x13 display.o
                0x0000063e                text_effect09
 .progmem.data.text_effect08
                0x00000651       0x13 display.o
                0x00000651                text_effect08
 .progmem.data.text_effect07
                0x00000664       0x13 display.o
                0x00000664                text_effect07
 .progmem.data.text_effect06
                0x00000677       0x13 display.o
                0x00000677                text_effect06
 .progmem.data.text_effect05
                0x0000068a       0x13 display.o
                0x0000068a                text_effect05
 .progmem.data.text_effect04
                0x0000069d       0x13 display.o
                0x0000069d                text_effect04
 .progmem.data.text_effect03
                0x000006b0       0x13 display.o
                0x000006b0                text_effect03
 .progmem.data.text_effect02
                0x000006c3       0x13 display.o
                0x000006c3                text_effect02
 .progmem.data.text_effect01
                0x000006d6       0x13 display.o
                0x000006d6                text_effect01
                0x000006ea                . = ALIGN (0x2)
 *fill*         0x000006e9        0x1 
                0x000006ea                __trampolines_start = .
 *(.trampolines)
 .trampolines   0x000006ea        0xc linker stubs
 *(.trampolines*)
                0x000006f6                __trampolines_end = .
 *(.jumptables)
 *(.jumptables*)
 *(.lowtext)
 *(.lowtext*)
                0x000006f6                __ctors_start = .
 *(.ctors)
                0x000006f6                __ctors_end = .
                0x000006f6                __dtors_start = .
 *(.dtors)
                0x000006f6                __dtors_end = .
 SORT(*)(.ctors)
 SORT(*)(.dtors)
 *(.init0)
 .init0         0x000006f6        0x0 c:/program files/atmel/atmel toolchain/avr8 gcc/native/3.4.2.939/avr8-gnu-toolchain/bin/../lib/gcc/avr/4.7.2/../../../../avr/lib/avr6/crtm2560.o
                0x000006f6                __init
 *(.init0)
 *(.init1)
 *(.init1)
 *(.init2)
 .init2         0x000006f6       0x10 c:/program files/atmel/atmel toolchain/avr8 gcc/native/3.4.2.939/avr8-gnu-toolchain/bin/../lib/gcc/avr/4.7.2/../../../../avr/lib/avr6/crtm2560.o
 *(.init2)
 *(.init3)
 *(.init3)
 *(.init4)
 .init4         0x00000706       0x1a c:/program files/atmel/atmel toolchain/avr8 gcc/native/3.4.2.939/avr8-gnu-toolchain/bin/../lib/gcc/avr/4.7.2/avr6\libgcc.a(_copy_data.o)
                0x00000706                __do_copy_data
 .init4         0x00000720       0x10 c:/program files/atmel/atmel toolchain/avr8 gcc/native/3.4.2.939/avr8-gnu-toolchain/bin/../lib/gcc/avr/4.7.2/avr6\libgcc.a(_clear_bss.o)
                0x00000720                __do_clear_bss
 *(.init4)
 *(.init5)
 *(.init5)
 *(.init6)
 *(.init6)
 *(.init7)
 *(.init7)
 *(.init8)
 *(.init8)
 *(.init9)
 .init9         0x00000730        0x8 c:/program files/atmel/atmel toolchain/avr8 gcc/native/3.4.2.939/avr8-gnu-toolchain/bin/../lib/gcc/avr/4.7.2/../../../../avr/lib/avr6/crtm2560.o
 *(.init9)
 *(.text)
 .text          0x00000738        0x4 c:/program files/atmel/atmel toolchain/avr8 gcc/native/3.4.2.939/avr8-gnu-toolchain/bin/../lib/gcc/avr/4.7.2/../../../../avr/lib/avr6/crtm2560.o
                0x00000738                __vector_38
                0x00000738                __vector_22
                0x00000738                __vector_28
                0x00000738                __vector_1
                0x00000738                __vector_32
                0x00000738                __vector_34
                0x00000738                __vector_24
                0x00000738                __vector_12
                0x00000738                __vector_55
                0x00000738                __vector_46
                0x00000738                __bad_interrupt
                0x00000738                __vector_6
                0x00000738                __vector_31
                0x00000738                __vector_35
                0x00000738                __vector_39
                0x00000738                __vector_3
                0x00000738                __vector_23
                0x00000738                __vector_30
                0x00000738                __vector_45
                0x00000738                __vector_25
                0x00000738                __vector_54
                0x00000738                __vector_13
                0x00000738                __vector_17
                0x00000738                __vector_19
                0x00000738                __vector_56
                0x00000738                __vector_7
                0x00000738                __vector_49
                0x00000738                __vector_41
                0x00000738                __vector_43
                0x00000738                __vector_27
                0x00000738                __vector_5
                0x00000738                __vector_33
                0x00000738                __vector_47
                0x00000738                __vector_52
                0x00000738                __vector_37
                0x00000738                __vector_4
                0x00000738                __vector_44
                0x00000738                __vector_51
                0x00000738                __vector_9
                0x00000738                __vector_2
                0x00000738                __vector_21
                0x00000738                __vector_15
                0x00000738                __vector_36
                0x00000738                __vector_29
                0x00000738                __vector_40
                0x00000738                __vector_8
                0x00000738                __vector_26
                0x00000738                __vector_48
                0x00000738                __vector_14
                0x00000738                __vector_53
                0x00000738                __vector_50
                0x00000738                __vector_16
                0x00000738                __vector_18
                0x00000738                __vector_20
                0x00000738                __vector_42
                0x0000073c                . = ALIGN (0x2)
 *(.text.*)
 .text.display_write
                0x0000073c      0x196 display.o
                0x0000073c                display_write
 .text.encoder_init
                0x000008d2      0x134 encoder.o
                0x000008d2                encoder_init
 .text.encoder_debounce
                0x00000a06        0xa encoder.o
                0x00000a06                encoder_debounce
 .text.encoder_direction
                0x00000a10       0xba encoder.o
                0x00000a10                encoder_direction
 .text.encoder_change
                0x00000aca       0x5c encoder.o
                0x00000aca                encoder_change
 .text.hd44780_outbyte
                0x00000b26       0x18 hd44780.o
                0x00000b26                hd44780_outbyte
 .text.hd44780_inbyte
                0x00000b3e       0x1c hd44780.o
                0x00000b3e                hd44780_inbyte
 .text.hd44780_wait_ready
                0x00000b5a        0xc hd44780.o
                0x00000b5a                hd44780_wait_ready
 .text.hd44780_init
                0x00000b66       0x8c hd44780.o
                0x00000b66                hd44780_init
 .text.hpi_hstrobe
                0x00000bf2       0x1e hpi.o
                0x00000bf2                hpi_hstrobe
 .text.hpi_write
                0x00000c10       0xd2 hpi.o
                0x00000c10                hpi_write
 .text.hpi_init
                0x00000ce2      0x182 hpi.o
                0x00000ce2                hpi_init
 .text.lcd_row  0x00000e64       0x3c lcd.o
                0x00000e64                lcd_row
 .text.lcd_putchar
                0x00000ea0       0x46 lcd.o
                0x00000ea0                lcd_putchar
 .text.lcd_clear
                0x00000ee6        0xc lcd.o
                0x00000ee6                lcd_clear
 .text.parameters_get
                0x00000ef2       0x1a parameters.o
                0x00000ef2                parameters_get
 .text.parameters_store
                0x00000f0c       0x62 parameters.o
                0x00000f0c                parameters_store
 .text.__vector_11
                0x00000f6e      0x23c test.o
                0x00000f6e                __vector_11
 .text.__vector_10
                0x000011aa      0x1f2 test.o
                0x000011aa                __vector_10
 .text.startup.main
                0x0000139c       0xc4 test.o
                0x0000139c                main
 .text.uart_init
                0x00001460       0x14 uart.o
                0x00001460                uart_init
 .text.uart_putchar
                0x00001474       0x38 uart.o
                0x00001474                uart_putchar
 .text.uart_getchar
                0x000014ac      0x19e uart.o
                0x000014ac                uart_getchar
 .text.avr-libc.fplib
                0x0000164a        0xa c:/program files/atmel/atmel toolchain/avr8 gcc/native/3.4.2.939/avr8-gnu-toolchain/bin/../lib/gcc/avr/4.7.2/../../../../avr/lib/avr6\libm.a(fixsfsi.o)
                0x0000164a                __fixsfsi
 .text.avr-libc.fplib
                0x00001654       0x58 c:/program files/atmel/atmel toolchain/avr8 gcc/native/3.4.2.939/avr8-gnu-toolchain/bin/../lib/gcc/avr/4.7.2/../../../../avr/lib/avr6\libm.a(fixunssfsi.o)
                0x00001654                __fixunssfsi
 .text.avr-libc.fplib
                0x000016ac       0x7a c:/program files/atmel/atmel toolchain/avr8 gcc/native/3.4.2.939/avr8-gnu-toolchain/bin/../lib/gcc/avr/4.7.2/../../../../avr/lib/avr6\libm.a(floatsisf.o)
                0x000016ac                __floatunsisf
                0x000016b0                __floatsisf
 .text.avr-libc.fplib
                0x00001726       0x44 c:/program files/atmel/atmel toolchain/avr8 gcc/native/3.4.2.939/avr8-gnu-toolchain/bin/../lib/gcc/avr/4.7.2/../../../../avr/lib/avr6\libm.a(fp_split3.o)
                0x00001726                __fp_split3
                0x00001736                __fp_splitA
 .text.avr-libc.fplib
                0x0000176a        0xe c:/program files/atmel/atmel toolchain/avr8 gcc/native/3.4.2.939/avr8-gnu-toolchain/bin/../lib/gcc/avr/4.7.2/../../../../avr/lib/avr6\libm.a(fp_zero.o)
                0x0000176a                __fp_zero
                0x0000176c                __fp_szero
 .text.avr-libc.fplib
                0x00001778        0x4 c:/program files/atmel/atmel toolchain/avr8 gcc/native/3.4.2.939/avr8-gnu-toolchain/bin/../lib/gcc/avr/4.7.2/../../../../avr/lib/avr6\libm.a(mulsf3.o)
                0x00001778                __mulsf3
 .text.avr-libc.fplib
                0x0000177c       0xc2 c:/program files/atmel/atmel toolchain/avr8 gcc/native/3.4.2.939/avr8-gnu-toolchain/bin/../lib/gcc/avr/4.7.2/../../../../avr/lib/avr6\libm.a(mulsf3x.o)
                0x00001790                __mulsf3x
                0x00001794                __mulsf3_pse
 .text.avr-libc.fplib
                0x0000183e        0xc c:/program files/atmel/atmel toolchain/avr8 gcc/native/3.4.2.939/avr8-gnu-toolchain/bin/../lib/gcc/avr/4.7.2/../../../../avr/lib/avr6\libm.a(fp_inf.o)
                0x0000183e                __fp_inf
 .text.avr-libc.fplib
                0x0000184a        0x6 c:/program files/atmel/atmel toolchain/avr8 gcc/native/3.4.2.939/avr8-gnu-toolchain/bin/../lib/gcc/avr/4.7.2/../../../../avr/lib/avr6\libm.a(fp_nan.o)
                0x0000184a                __fp_nan
 .text.avr-libc.fplib
                0x00001850        0xe c:/program files/atmel/atmel toolchain/avr8 gcc/native/3.4.2.939/avr8-gnu-toolchain/bin/../lib/gcc/avr/4.7.2/../../../../avr/lib/avr6\libm.a(fp_pscA.o)
                0x00001850                __fp_pscA
 .text.avr-libc.fplib
                0x0000185e        0xe c:/program files/atmel/atmel toolchain/avr8 gcc/native/3.4.2.939/avr8-gnu-toolchain/bin/../lib/gcc/avr/4.7.2/../../../../avr/lib/avr6\libm.a(fp_pscB.o)
                0x0000185e                __fp_pscB
 .text.avr-libc.fplib
                0x0000186c       0x22 c:/program files/atmel/atmel toolchain/avr8 gcc/native/3.4.2.939/avr8-gnu-toolchain/bin/../lib/gcc/avr/4.7.2/../../../../avr/lib/avr6\libm.a(fp_round.o)
                0x0000186c                __fp_round
 .text.libgcc.div
                0x0000188e       0x28 c:/program files/atmel/atmel toolchain/avr8 gcc/native/3.4.2.939/avr8-gnu-toolchain/bin/../lib/gcc/avr/4.7.2/avr6\libgcc.a(_divmodhi4.o)
                0x0000188e                _div
                0x0000188e                __divmodhi4
 .text.libgcc.div
                0x000018b6       0x28 c:/program files/atmel/atmel toolchain/avr8 gcc/native/3.4.2.939/avr8-gnu-toolchain/bin/../lib/gcc/avr/4.7.2/avr6\libgcc.a(_udivmodhi4.o)
                0x000018b6                __udivmodhi4
 .text.avr-libc
                0x000018de        0xe c:/program files/atmel/atmel toolchain/avr8 gcc/native/3.4.2.939/avr8-gnu-toolchain/bin/../lib/gcc/avr/4.7.2/../../../../avr/lib/avr6\libc.a(strcpy_P.o)
                0x000018de                strcpy_P
 .text.avr-libc
                0x000018ec       0x20 c:/program files/atmel/atmel toolchain/avr8 gcc/native/3.4.2.939/avr8-gnu-toolchain/bin/../lib/gcc/avr/4.7.2/../../../../avr/lib/avr6\libc.a(fprintf.o)
                0x000018ec                fprintf
 .text.avr-libc
                0x0000190c       0x58 c:/program files/atmel/atmel toolchain/avr8 gcc/native/3.4.2.939/avr8-gnu-toolchain/bin/../lib/gcc/avr/4.7.2/../../../../avr/lib/avr6\libc.a(fputc.o)
                0x0000190c                fputc
 .text.avr-libc
                0x00001964       0x56 c:/program files/atmel/atmel toolchain/avr8 gcc/native/3.4.2.939/avr8-gnu-toolchain/bin/../lib/gcc/avr/4.7.2/../../../../avr/lib/avr6\libc.a(fputs.o)
                0x00001964                fputs
 .text.avr-libc
                0x000019ba      0x40a c:/program files/atmel/atmel toolchain/avr8 gcc/native/3.4.2.939/avr8-gnu-toolchain/bin/../lib/gcc/avr/4.7.2/../../../../avr/lib/avr6\libc.a(vfprintf_std.o)
                0x000019ba                vfprintf
 .text.avr-libc
                0x00001dc4       0x16 c:/program files/atmel/atmel toolchain/avr8 gcc/native/3.4.2.939/avr8-gnu-toolchain/bin/../lib/gcc/avr/4.7.2/../../../../avr/lib/avr6\libc.a(strnlen_P.o)
                0x00001dc4                strnlen_P
 .text.avr-libc
                0x00001dda       0x16 c:/program files/atmel/atmel toolchain/avr8 gcc/native/3.4.2.939/avr8-gnu-toolchain/bin/../lib/gcc/avr/4.7.2/../../../../avr/lib/avr6\libc.a(strnlen.o)
                0x00001dda                strnlen
 .text.avr-libc
                0x00001df0       0xbc c:/program files/atmel/atmel toolchain/avr8 gcc/native/3.4.2.939/avr8-gnu-toolchain/bin/../lib/gcc/avr/4.7.2/../../../../avr/lib/avr6\libc.a(ultoa_invert.o)
                0x00001df0                __ultoa_invert
                0x00001eac                . = ALIGN (0x2)
 *(.fini9)
 .fini9         0x00001eac        0x0 c:/program files/atmel/atmel toolchain/avr8 gcc/native/3.4.2.939/avr8-gnu-toolchain/bin/../lib/gcc/avr/4.7.2/avr6\libgcc.a(_exit.o)
                0x00001eac                _exit
                0x00001eac                exit
 *(.fini9)
 *(.fini8)
 *(.fini8)
 *(.fini7)
 *(.fini7)
 *(.fini6)
 *(.fini6)
 *(.fini5)
 *(.fini5)
 *(.fini4)
 *(.fini4)
 *(.fini3)
 *(.fini3)
 *(.fini2)
 *(.fini2)
 *(.fini1)
 *(.fini1)
 *(.fini0)
 .fini0         0x00001eac        0x4 c:/program files/atmel/atmel toolchain/avr8 gcc/native/3.4.2.939/avr8-gnu-toolchain/bin/../lib/gcc/avr/4.7.2/avr6\libgcc.a(_exit.o)
 *(.fini0)
                0x00001eb0                _etext = .

.data           0x00800200      0x498 load address 0x00001eb0
                0x00800200                PROVIDE (__data_start, .)
 *(.data)
 .data          0x00800200        0x0 c:/program files/atmel/atmel toolchain/avr8 gcc/native/3.4.2.939/avr8-gnu-toolchain/bin/../lib/gcc/avr/4.7.2/../../../../avr/lib/avr6/crtm2560.o
 .data          0x00800200        0x0 display.o
 .data          0x00800200        0x0 encoder.o
 .data          0x00800200        0x0 hd44780.o
 .data          0x00800200        0x0 hpi.o
 .data          0x00800200        0x0 lcd.o
 .data          0x00800200        0x0 parameters.o
 .data          0x00800200        0x0 test.o
 .data          0x00800200        0x0 uart.o
 .data          0x00800200        0x0 c:/program files/atmel/atmel toolchain/avr8 gcc/native/3.4.2.939/avr8-gnu-toolchain/bin/../lib/gcc/avr/4.7.2/../../../../avr/lib/avr6\libm.a(fixsfsi.o)
 .data          0x00800200        0x0 c:/program files/atmel/atmel toolchain/avr8 gcc/native/3.4.2.939/avr8-gnu-toolchain/bin/../lib/gcc/avr/4.7.2/../../../../avr/lib/avr6\libm.a(fixunssfsi.o)
 .data          0x00800200        0x0 c:/program files/atmel/atmel toolchain/avr8 gcc/native/3.4.2.939/avr8-gnu-toolchain/bin/../lib/gcc/avr/4.7.2/../../../../avr/lib/avr6\libm.a(floatsisf.o)
 .data          0x00800200        0x0 c:/program files/atmel/atmel toolchain/avr8 gcc/native/3.4.2.939/avr8-gnu-toolchain/bin/../lib/gcc/avr/4.7.2/../../../../avr/lib/avr6\libm.a(fp_split3.o)
 .data          0x00800200        0x0 c:/program files/atmel/atmel toolchain/avr8 gcc/native/3.4.2.939/avr8-gnu-toolchain/bin/../lib/gcc/avr/4.7.2/../../../../avr/lib/avr6\libm.a(fp_zero.o)
 .data          0x00800200        0x0 c:/program files/atmel/atmel toolchain/avr8 gcc/native/3.4.2.939/avr8-gnu-toolchain/bin/../lib/gcc/avr/4.7.2/../../../../avr/lib/avr6\libm.a(mulsf3.o)
 .data          0x00800200        0x0 c:/program files/atmel/atmel toolchain/avr8 gcc/native/3.4.2.939/avr8-gnu-toolchain/bin/../lib/gcc/avr/4.7.2/../../../../avr/lib/avr6\libm.a(mulsf3x.o)
 .data          0x00800200        0x0 c:/program files/atmel/atmel toolchain/avr8 gcc/native/3.4.2.939/avr8-gnu-toolchain/bin/../lib/gcc/avr/4.7.2/../../../../avr/lib/avr6\libm.a(fp_inf.o)
 .data          0x00800200        0x0 c:/program files/atmel/atmel toolchain/avr8 gcc/native/3.4.2.939/avr8-gnu-toolchain/bin/../lib/gcc/avr/4.7.2/../../../../avr/lib/avr6\libm.a(fp_nan.o)
 .data          0x00800200        0x0 c:/program files/atmel/atmel toolchain/avr8 gcc/native/3.4.2.939/avr8-gnu-toolchain/bin/../lib/gcc/avr/4.7.2/../../../../avr/lib/avr6\libm.a(fp_pscA.o)
 .data          0x00800200        0x0 c:/program files/atmel/atmel toolchain/avr8 gcc/native/3.4.2.939/avr8-gnu-toolchain/bin/../lib/gcc/avr/4.7.2/../../../../avr/lib/avr6\libm.a(fp_pscB.o)
 .data          0x00800200        0x0 c:/program files/atmel/atmel toolchain/avr8 gcc/native/3.4.2.939/avr8-gnu-toolchain/bin/../lib/gcc/avr/4.7.2/../../../../avr/lib/avr6\libm.a(fp_round.o)
 .data          0x00800200        0x0 c:/program files/atmel/atmel toolchain/avr8 gcc/native/3.4.2.939/avr8-gnu-toolchain/bin/../lib/gcc/avr/4.7.2/avr6\libgcc.a(_divmodhi4.o)
 .data          0x00800200        0x0 c:/program files/atmel/atmel toolchain/avr8 gcc/native/3.4.2.939/avr8-gnu-toolchain/bin/../lib/gcc/avr/4.7.2/avr6\libgcc.a(_exit.o)
 .data          0x00800200        0x0 c:/program files/atmel/atmel toolchain/avr8 gcc/native/3.4.2.939/avr8-gnu-toolchain/bin/../lib/gcc/avr/4.7.2/avr6\libgcc.a(_copy_data.o)
 .data          0x00800200        0x0 c:/program files/atmel/atmel toolchain/avr8 gcc/native/3.4.2.939/avr8-gnu-toolchain/bin/../lib/gcc/avr/4.7.2/avr6\libgcc.a(_clear_bss.o)
 .data          0x00800200        0x0 c:/program files/atmel/atmel toolchain/avr8 gcc/native/3.4.2.939/avr8-gnu-toolchain/bin/../lib/gcc/avr/4.7.2/avr6\libgcc.a(_udivmodhi4.o)
 .data          0x00800200        0x0 c:/program files/atmel/atmel toolchain/avr8 gcc/native/3.4.2.939/avr8-gnu-toolchain/bin/../lib/gcc/avr/4.7.2/../../../../avr/lib/avr6\libc.a(strcpy_P.o)
 .data          0x00800200        0x0 c:/program files/atmel/atmel toolchain/avr8 gcc/native/3.4.2.939/avr8-gnu-toolchain/bin/../lib/gcc/avr/4.7.2/../../../../avr/lib/avr6\libc.a(fprintf.o)
 .data          0x00800200        0x0 c:/program files/atmel/atmel toolchain/avr8 gcc/native/3.4.2.939/avr8-gnu-toolchain/bin/../lib/gcc/avr/4.7.2/../../../../avr/lib/avr6\libc.a(fputc.o)
 .data          0x00800200        0x0 c:/program files/atmel/atmel toolchain/avr8 gcc/native/3.4.2.939/avr8-gnu-toolchain/bin/../lib/gcc/avr/4.7.2/../../../../avr/lib/avr6\libc.a(fputs.o)
 .data          0x00800200        0x0 c:/program files/atmel/atmel toolchain/avr8 gcc/native/3.4.2.939/avr8-gnu-toolchain/bin/../lib/gcc/avr/4.7.2/../../../../avr/lib/avr6\libc.a(iob.o)
 .data          0x00800200        0x0 c:/program files/atmel/atmel toolchain/avr8 gcc/native/3.4.2.939/avr8-gnu-toolchain/bin/../lib/gcc/avr/4.7.2/../../../../avr/lib/avr6\libc.a(vfprintf_std.o)
 .data          0x00800200        0x0 c:/program files/atmel/atmel toolchain/avr8 gcc/native/3.4.2.939/avr8-gnu-toolchain/bin/../lib/gcc/avr/4.7.2/../../../../avr/lib/avr6\libc.a(strnlen_P.o)
 .data          0x00800200        0x0 c:/program files/atmel/atmel toolchain/avr8 gcc/native/3.4.2.939/avr8-gnu-toolchain/bin/../lib/gcc/avr/4.7.2/../../../../avr/lib/avr6\libc.a(strnlen.o)
 .data          0x00800200        0x0 c:/program files/atmel/atmel toolchain/avr8 gcc/native/3.4.2.939/avr8-gnu-toolchain/bin/../lib/gcc/avr/4.7.2/../../../../avr/lib/avr6\libc.a(ultoa_invert.o)
 *(.data*)
 .data.lcd_str  0x00800200        0xe test.o
                0x00800200                lcd_str
 .data.uart_str
                0x0080020e        0xe test.o
                0x0080020e                uart_str
 .data.parameters
                0x0080021c        0x3 test.o
 *(.rodata)
 *(.rodata*)
 .rodata.str1.1
                0x0080021f        0x7 display.o
 .rodata.str1.1
                0x00800226       0x46 encoder.o
 .rodata.HPI_scale
                0x0080026c      0x120 parameters.o
 .rodata.str1.1
                0x0080038c       0x72 test.o
 .rodata.number_of_parameters
                0x008003fe        0x9 test.o
 .rodata.param_scale
                0x00800407       0x48 test.o
 .rodata.param_max
                0x0080044f      0x120 test.o
 .rodata.param_min
                0x0080056f      0x120 test.o
 .rodata.str1.1
                0x0080068f        0x8 uart.o
 *(.gnu.linkonce.d*)
                0x00800698                . = ALIGN (0x2)
 *fill*         0x00800697        0x1 
                0x00800698                _edata = .
                0x00800698                PROVIDE (__data_end, .)

.bss            0x00800698       0xf1
                0x00800698                PROVIDE (__bss_start, .)
 *(.bss)
 *(.bss*)
 .bss.old_state2
                0x00800698        0x1 encoder.o
 .bss.old_state
                0x00800699        0x6 encoder.o
 .bss.row.1531  0x0080069f        0x1 lcd.o
 .bss.parameters
                0x008006a0       0x90 parameters.o
 .bss.effect    0x00800730        0x1 test.o
 .bss.rxp.1532  0x00800731        0x2 uart.o
 .bss.b.1531    0x00800733       0x50 uart.o
 *(COMMON)
 COMMON         0x00800783        0x6 c:/program files/atmel/atmel toolchain/avr8 gcc/native/3.4.2.939/avr8-gnu-toolchain/bin/../lib/gcc/avr/4.7.2/../../../../avr/lib/avr6\libc.a(iob.o)
                0x00800783                __iob
                0x00800789                PROVIDE (__bss_end, .)
                0x00001eb0                __data_load_start = LOADADDR (.data)
                0x00002348                __data_load_end = (__data_load_start + SIZEOF (.data))

.noinit         0x00800789        0x0
                0x00800789                PROVIDE (__noinit_start, .)
 *(.noinit*)
                0x00800789                PROVIDE (__noinit_end, .)
                0x00800789                _end = .
                0x00800789                PROVIDE (__heap_start, .)

.eeprom         0x00810000        0x0
 *(.eeprom*)
                0x00810000                __eeprom_end = .

.fuse
 *(.fuse)
 *(.lfuse)
 *(.hfuse)
 *(.efuse)

.lock
 *(.lock*)

.signature
 *(.signature*)

.user_signatures
 *(.user_signatures*)

.stab           0x00000000     0x1d1c
 *(.stab)
 .stab          0x00000000      0x6e4 c:/program files/atmel/atmel toolchain/avr8 gcc/native/3.4.2.939/avr8-gnu-toolchain/bin/../lib/gcc/avr/4.7.2/../../../../avr/lib/avr6/crtm2560.o
 .stab          0x000006e4       0x6c c:/program files/atmel/atmel toolchain/avr8 gcc/native/3.4.2.939/avr8-gnu-toolchain/bin/../lib/gcc/avr/4.7.2/../../../../avr/lib/avr6\libm.a(fixsfsi.o)
                                 0x78 (size before relaxing)
 .stab          0x00000750      0x240 c:/program files/atmel/atmel toolchain/avr8 gcc/native/3.4.2.939/avr8-gnu-toolchain/bin/../lib/gcc/avr/4.7.2/../../../../avr/lib/avr6\libm.a(fixunssfsi.o)
                                0x24c (size before relaxing)
 .stab          0x00000990      0x318 c:/program files/atmel/atmel toolchain/avr8 gcc/native/3.4.2.939/avr8-gnu-toolchain/bin/../lib/gcc/avr/4.7.2/../../../../avr/lib/avr6\libm.a(floatsisf.o)
                                0x324 (size before relaxing)
 .stab          0x00000ca8      0x1d4 c:/program files/atmel/atmel toolchain/avr8 gcc/native/3.4.2.939/avr8-gnu-toolchain/bin/../lib/gcc/avr/4.7.2/../../../../avr/lib/avr6\libm.a(fp_split3.o)
                                0x1e0 (size before relaxing)
 .stab          0x00000e7c       0x90 c:/program files/atmel/atmel toolchain/avr8 gcc/native/3.4.2.939/avr8-gnu-toolchain/bin/../lib/gcc/avr/4.7.2/../../../../avr/lib/avr6\libm.a(fp_zero.o)
                                 0x9c (size before relaxing)
 .stab          0x00000f0c       0x48 c:/program files/atmel/atmel toolchain/avr8 gcc/native/3.4.2.939/avr8-gnu-toolchain/bin/../lib/gcc/avr/4.7.2/../../../../avr/lib/avr6\libm.a(mulsf3.o)
                                 0x54 (size before relaxing)
 .stab          0x00000f54      0x4d4 c:/program files/atmel/atmel toolchain/avr8 gcc/native/3.4.2.939/avr8-gnu-toolchain/bin/../lib/gcc/avr/4.7.2/../../../../avr/lib/avr6\libm.a(mulsf3x.o)
                                0x4e0 (size before relaxing)
 .stab          0x00001428       0x78 c:/program files/atmel/atmel toolchain/avr8 gcc/native/3.4.2.939/avr8-gnu-toolchain/bin/../lib/gcc/avr/4.7.2/../../../../avr/lib/avr6\libm.a(fp_inf.o)
                                 0x84 (size before relaxing)
 .stab          0x000014a0       0x54 c:/program files/atmel/atmel toolchain/avr8 gcc/native/3.4.2.939/avr8-gnu-toolchain/bin/../lib/gcc/avr/4.7.2/../../../../avr/lib/avr6\libm.a(fp_nan.o)
                                 0x60 (size before relaxing)
 .stab          0x000014f4       0x84 c:/program files/atmel/atmel toolchain/avr8 gcc/native/3.4.2.939/avr8-gnu-toolchain/bin/../lib/gcc/avr/4.7.2/../../../../avr/lib/avr6\libm.a(fp_pscA.o)
                                 0x90 (size before relaxing)
 .stab          0x00001578       0x84 c:/program files/atmel/atmel toolchain/avr8 gcc/native/3.4.2.939/avr8-gnu-toolchain/bin/../lib/gcc/avr/4.7.2/../../../../avr/lib/avr6\libm.a(fp_pscB.o)
                                 0x90 (size before relaxing)
 .stab          0x000015fc       0xfc c:/program files/atmel/atmel toolchain/avr8 gcc/native/3.4.2.939/avr8-gnu-toolchain/bin/../lib/gcc/avr/4.7.2/../../../../avr/lib/avr6\libm.a(fp_round.o)
                                0x108 (size before relaxing)
 .stab          0x000016f8       0x6c c:/program files/atmel/atmel toolchain/avr8 gcc/native/3.4.2.939/avr8-gnu-toolchain/bin/../lib/gcc/avr/4.7.2/../../../../avr/lib/avr6\libc.a(strcpy_P.o)
                                 0x78 (size before relaxing)
 .stab          0x00001764       0x9c c:/program files/atmel/atmel toolchain/avr8 gcc/native/3.4.2.939/avr8-gnu-toolchain/bin/../lib/gcc/avr/4.7.2/../../../../avr/lib/avr6\libc.a(strnlen_P.o)
                                 0xa8 (size before relaxing)
 .stab          0x00001800       0x9c c:/program files/atmel/atmel toolchain/avr8 gcc/native/3.4.2.939/avr8-gnu-toolchain/bin/../lib/gcc/avr/4.7.2/../../../../avr/lib/avr6\libc.a(strnlen.o)
                                 0xa8 (size before relaxing)
 .stab          0x0000189c      0x480 c:/program files/atmel/atmel toolchain/avr8 gcc/native/3.4.2.939/avr8-gnu-toolchain/bin/../lib/gcc/avr/4.7.2/../../../../avr/lib/avr6\libc.a(ultoa_invert.o)
                                0x48c (size before relaxing)

.stabstr        0x00000000      0x7eb
 *(.stabstr)
 .stabstr       0x00000000      0x7eb c:/program files/atmel/atmel toolchain/avr8 gcc/native/3.4.2.939/avr8-gnu-toolchain/bin/../lib/gcc/avr/4.7.2/../../../../avr/lib/avr6/crtm2560.o

.stab.excl
 *(.stab.excl)

.stab.exclstr
 *(.stab.exclstr)

.stab.index
 *(.stab.index)

.stab.indexstr
 *(.stab.indexstr)

.comment        0x00000000       0x2f
 *(.comment)
 .comment       0x00000000       0x2f display.o
                                 0x30 (size before relaxing)
 .comment       0x00000000       0x30 encoder.o
 .comment       0x00000000       0x30 hd44780.o
 .comment       0x00000000       0x30 hpi.o
 .comment       0x00000000       0x30 lcd.o
 .comment       0x00000000       0x30 parameters.o
 .comment       0x00000000       0x30 test.o
 .comment       0x00000000       0x30 uart.o
 .comment       0x00000000       0x30 c:/program files/atmel/atmel toolchain/avr8 gcc/native/3.4.2.939/avr8-gnu-toolchain/bin/../lib/gcc/avr/4.7.2/../../../../avr/lib/avr6\libc.a(fprintf.o)
 .comment       0x00000000       0x30 c:/program files/atmel/atmel toolchain/avr8 gcc/native/3.4.2.939/avr8-gnu-toolchain/bin/../lib/gcc/avr/4.7.2/../../../../avr/lib/avr6\libc.a(fputc.o)
 .comment       0x00000000       0x30 c:/program files/atmel/atmel toolchain/avr8 gcc/native/3.4.2.939/avr8-gnu-toolchain/bin/../lib/gcc/avr/4.7.2/../../../../avr/lib/avr6\libc.a(fputs.o)
 .comment       0x00000000       0x30 c:/program files/atmel/atmel toolchain/avr8 gcc/native/3.4.2.939/avr8-gnu-toolchain/bin/../lib/gcc/avr/4.7.2/../../../../avr/lib/avr6\libc.a(iob.o)
 .comment       0x00000000       0x30 c:/program files/atmel/atmel toolchain/avr8 gcc/native/3.4.2.939/avr8-gnu-toolchain/bin/../lib/gcc/avr/4.7.2/../../../../avr/lib/avr6\libc.a(vfprintf_std.o)

.debug
 *(.debug)

.line
 *(.line)

.debug_srcinfo
 *(.debug_srcinfo)

.debug_sfnames
 *(.debug_sfnames)

.debug_aranges  0x00000000       0x98
 *(.debug_aranges)
 .debug_aranges
                0x00000000       0x20 c:/program files/atmel/atmel toolchain/avr8 gcc/native/3.4.2.939/avr8-gnu-toolchain/bin/../lib/gcc/avr/4.7.2/../../../../avr/lib/avr6\libc.a(fprintf.o)
 .debug_aranges
                0x00000020       0x20 c:/program files/atmel/atmel toolchain/avr8 gcc/native/3.4.2.939/avr8-gnu-toolchain/bin/../lib/gcc/avr/4.7.2/../../../../avr/lib/avr6\libc.a(fputc.o)
 .debug_aranges
                0x00000040       0x20 c:/program files/atmel/atmel toolchain/avr8 gcc/native/3.4.2.939/avr8-gnu-toolchain/bin/../lib/gcc/avr/4.7.2/../../../../avr/lib/avr6\libc.a(fputs.o)
 .debug_aranges
                0x00000060       0x18 c:/program files/atmel/atmel toolchain/avr8 gcc/native/3.4.2.939/avr8-gnu-toolchain/bin/../lib/gcc/avr/4.7.2/../../../../avr/lib/avr6\libc.a(iob.o)
 .debug_aranges
                0x00000078       0x20 c:/program files/atmel/atmel toolchain/avr8 gcc/native/3.4.2.939/avr8-gnu-toolchain/bin/../lib/gcc/avr/4.7.2/../../../../avr/lib/avr6\libc.a(vfprintf_std.o)

.debug_pubnames
 *(.debug_pubnames)

.debug_info     0x00000000      0xbac
 *(.debug_info)
 .debug_info    0x00000000      0x1fc c:/program files/atmel/atmel toolchain/avr8 gcc/native/3.4.2.939/avr8-gnu-toolchain/bin/../lib/gcc/avr/4.7.2/../../../../avr/lib/avr6\libc.a(fprintf.o)
 .debug_info    0x000001fc      0x174 c:/program files/atmel/atmel toolchain/avr8 gcc/native/3.4.2.939/avr8-gnu-toolchain/bin/../lib/gcc/avr/4.7.2/../../../../avr/lib/avr6\libc.a(fputc.o)
 .debug_info    0x00000370      0x1a5 c:/program files/atmel/atmel toolchain/avr8 gcc/native/3.4.2.939/avr8-gnu-toolchain/bin/../lib/gcc/avr/4.7.2/../../../../avr/lib/avr6\libc.a(fputs.o)
 .debug_info    0x00000515      0x14e c:/program files/atmel/atmel toolchain/avr8 gcc/native/3.4.2.939/avr8-gnu-toolchain/bin/../lib/gcc/avr/4.7.2/../../../../avr/lib/avr6\libc.a(iob.o)
 .debug_info    0x00000663      0x549 c:/program files/atmel/atmel toolchain/avr8 gcc/native/3.4.2.939/avr8-gnu-toolchain/bin/../lib/gcc/avr/4.7.2/../../../../avr/lib/avr6\libc.a(vfprintf_std.o)
 *(.gnu.linkonce.wi.*)

.debug_abbrev   0x00000000      0x5ca
 *(.debug_abbrev)
 .debug_abbrev  0x00000000      0x139 c:/program files/atmel/atmel toolchain/avr8 gcc/native/3.4.2.939/avr8-gnu-toolchain/bin/../lib/gcc/avr/4.7.2/../../../../avr/lib/avr6\libc.a(fprintf.o)
 .debug_abbrev  0x00000139       0xf1 c:/program files/atmel/atmel toolchain/avr8 gcc/native/3.4.2.939/avr8-gnu-toolchain/bin/../lib/gcc/avr/4.7.2/../../../../avr/lib/avr6\libc.a(fputc.o)
 .debug_abbrev  0x0000022a      0x109 c:/program files/atmel/atmel toolchain/avr8 gcc/native/3.4.2.939/avr8-gnu-toolchain/bin/../lib/gcc/avr/4.7.2/../../../../avr/lib/avr6\libc.a(fputs.o)
 .debug_abbrev  0x00000333       0xc1 c:/program files/atmel/atmel toolchain/avr8 gcc/native/3.4.2.939/avr8-gnu-toolchain/bin/../lib/gcc/avr/4.7.2/../../../../avr/lib/avr6\libc.a(iob.o)
 .debug_abbrev  0x000003f4      0x1d6 c:/program files/atmel/atmel toolchain/avr8 gcc/native/3.4.2.939/avr8-gnu-toolchain/bin/../lib/gcc/avr/4.7.2/../../../../avr/lib/avr6\libc.a(vfprintf_std.o)

.debug_line     0x00000000      0x7df
 *(.debug_line)
 .debug_line    0x00000000      0x190 c:/program files/atmel/atmel toolchain/avr8 gcc/native/3.4.2.939/avr8-gnu-toolchain/bin/../lib/gcc/avr/4.7.2/../../../../avr/lib/avr6\libc.a(fprintf.o)
 .debug_line    0x00000190      0x104 c:/program files/atmel/atmel toolchain/avr8 gcc/native/3.4.2.939/avr8-gnu-toolchain/bin/../lib/gcc/avr/4.7.2/../../../../avr/lib/avr6\libc.a(fputc.o)
 .debug_line    0x00000294      0x106 c:/program files/atmel/atmel toolchain/avr8 gcc/native/3.4.2.939/avr8-gnu-toolchain/bin/../lib/gcc/avr/4.7.2/../../../../avr/lib/avr6\libc.a(fputs.o)
 .debug_line    0x0000039a       0xeb c:/program files/atmel/atmel toolchain/avr8 gcc/native/3.4.2.939/avr8-gnu-toolchain/bin/../lib/gcc/avr/4.7.2/../../../../avr/lib/avr6\libc.a(iob.o)
 .debug_line    0x00000485      0x35a c:/program files/atmel/atmel toolchain/avr8 gcc/native/3.4.2.939/avr8-gnu-toolchain/bin/../lib/gcc/avr/4.7.2/../../../../avr/lib/avr6\libc.a(vfprintf_std.o)

.debug_frame    0x00000000      0x134
 *(.debug_frame)
 .debug_frame   0x00000000       0x34 c:/program files/atmel/atmel toolchain/avr8 gcc/native/3.4.2.939/avr8-gnu-toolchain/bin/../lib/gcc/avr/4.7.2/../../../../avr/lib/avr6\libc.a(fprintf.o)
 .debug_frame   0x00000034       0x38 c:/program files/atmel/atmel toolchain/avr8 gcc/native/3.4.2.939/avr8-gnu-toolchain/bin/../lib/gcc/avr/4.7.2/../../../../avr/lib/avr6\libc.a(fputc.o)
 .debug_frame   0x0000006c       0x44 c:/program files/atmel/atmel toolchain/avr8 gcc/native/3.4.2.939/avr8-gnu-toolchain/bin/../lib/gcc/avr/4.7.2/../../../../avr/lib/avr6\libc.a(fputs.o)
 .debug_frame   0x000000b0       0x84 c:/program files/atmel/atmel toolchain/avr8 gcc/native/3.4.2.939/avr8-gnu-toolchain/bin/../lib/gcc/avr/4.7.2/../../../../avr/lib/avr6\libc.a(vfprintf_std.o)

.debug_str      0x00000000      0x300
 *(.debug_str)
 .debug_str     0x00000000       0xfa c:/program files/atmel/atmel toolchain/avr8 gcc/native/3.4.2.939/avr8-gnu-toolchain/bin/../lib/gcc/avr/4.7.2/../../../../avr/lib/avr6\libc.a(fprintf.o)
                                0x143 (size before relaxing)
 .debug_str     0x000000fa       0x68 c:/program files/atmel/atmel toolchain/avr8 gcc/native/3.4.2.939/avr8-gnu-toolchain/bin/../lib/gcc/avr/4.7.2/../../../../avr/lib/avr6\libc.a(fputc.o)
                                0x10d (size before relaxing)
 .debug_str     0x00000162       0x68 c:/program files/atmel/atmel toolchain/avr8 gcc/native/3.4.2.939/avr8-gnu-toolchain/bin/../lib/gcc/avr/4.7.2/../../../../avr/lib/avr6\libc.a(fputs.o)
                                0x10d (size before relaxing)
 .debug_str     0x000001ca       0x6f c:/program files/atmel/atmel toolchain/avr8 gcc/native/3.4.2.939/avr8-gnu-toolchain/bin/../lib/gcc/avr/4.7.2/../../../../avr/lib/avr6\libc.a(iob.o)
                                0x10d (size before relaxing)
 .debug_str     0x00000239       0xc7 c:/program files/atmel/atmel toolchain/avr8 gcc/native/3.4.2.939/avr8-gnu-toolchain/bin/../lib/gcc/avr/4.7.2/../../../../avr/lib/avr6\libc.a(vfprintf_std.o)
                                0x1ad (size before relaxing)

.debug_loc      0x00000000      0x860
 *(.debug_loc)
 .debug_loc     0x00000000       0x3b c:/program files/atmel/atmel toolchain/avr8 gcc/native/3.4.2.939/avr8-gnu-toolchain/bin/../lib/gcc/avr/4.7.2/../../../../avr/lib/avr6\libc.a(fprintf.o)
 .debug_loc     0x0000003b       0xf3 c:/program files/atmel/atmel toolchain/avr8 gcc/native/3.4.2.939/avr8-gnu-toolchain/bin/../lib/gcc/avr/4.7.2/../../../../avr/lib/avr6\libc.a(fputc.o)
 .debug_loc     0x0000012e      0x10f c:/program files/atmel/atmel toolchain/avr8 gcc/native/3.4.2.939/avr8-gnu-toolchain/bin/../lib/gcc/avr/4.7.2/../../../../avr/lib/avr6\libc.a(fputs.o)
 .debug_loc     0x0000023d      0x623 c:/program files/atmel/atmel toolchain/avr8 gcc/native/3.4.2.939/avr8-gnu-toolchain/bin/../lib/gcc/avr/4.7.2/../../../../avr/lib/avr6\libc.a(vfprintf_std.o)

.debug_macinfo
 *(.debug_macinfo)

.debug_pubtypes
 *(.debug_pubtypes)

.debug_ranges   0x00000000       0x40
 *(.debug_ranges)
 .debug_ranges  0x00000000       0x10 c:/program files/atmel/atmel toolchain/avr8 gcc/native/3.4.2.939/avr8-gnu-toolchain/bin/../lib/gcc/avr/4.7.2/../../../../avr/lib/avr6\libc.a(fprintf.o)
 .debug_ranges  0x00000010       0x10 c:/program files/atmel/atmel toolchain/avr8 gcc/native/3.4.2.939/avr8-gnu-toolchain/bin/../lib/gcc/avr/4.7.2/../../../../avr/lib/avr6\libc.a(fputc.o)
 .debug_ranges  0x00000020       0x10 c:/program files/atmel/atmel toolchain/avr8 gcc/native/3.4.2.939/avr8-gnu-toolchain/bin/../lib/gcc/avr/4.7.2/../../../../avr/lib/avr6\libc.a(fputs.o)
 .debug_ranges  0x00000030       0x10 c:/program files/atmel/atmel toolchain/avr8 gcc/native/3.4.2.939/avr8-gnu-toolchain/bin/../lib/gcc/avr/4.7.2/../../../../avr/lib/avr6\libc.a(vfprintf_std.o)

.debug_macro
 *(.debug_macro)
OUTPUT(Digitala musikeffekter.elf elf32-avr)
LOAD linker stubs
