******************************************************************************
          TMS320C6x COFF Linker PC v5.1.0                      
******************************************************************************
>> Linked Mon Jun 03 15:08:49 2013

OUTPUT FILE NAME:   <./Debug/bradpitch.out>
ENTRY POINT SYMBOL: "_c_int00"  address: 000e49a0


MEMORY CONFIGURATION

                  name            origin    length      used    attr    fill
         ----------------------  --------  ---------  --------  ----  --------
         BOOT                    00000000   00000400  00000060  RWIX
         ISRAM                   00000400   000ffc00  000e4c8a  RWIX
         FLASH                   64000000   00080000  00000000  RWIX
         SDRAM                   80000000   02000000  00008000  RWIX


SECTION ALLOCATION MAP

 output                                  attributes/
section   page    origin      length       input sections
--------  ----  ----------  ----------   ----------------
.SDRAM$heap 
*          0    80000000    00008000     UNINITIALIZED

.boot_load 
*          0    00000000    00000060     
                  00000000    00000060     boot.obj (.boot_load)

.prd       0    00000400    00000000     UNINITIALIZED

.sysdata   0    00000400    00000000     UNINITIALIZED

.sysregs   0    00000400    00000000     UNINITIALIZED

.data      0    00000400    00000000     UNINITIALIZED

.switch    0    00000400    00000000     UNINITIALIZED

.cio       0    00000400    00000000     UNINITIALIZED

frt        0    00000400    00000000     UNINITIALIZED

.gio       0    00000400    00000000     UNINITIALIZED

.dsm       0    00000400    00000000     UNINITIALIZED

.hwi       0    00000400    00000000     UNINITIALIZED

.far       0    00000400    000bbe3c     UNINITIALIZED
                  00000400    0005f86c     main.obj (.far)
                  0005fc6c    00000004     rts6400.lib : errno.obj (.far)
                  0005fc70    0002ee00     brad_reverb.obj (.far)
                  0008ea70    00017708     brad_moddelay.obj (.far)
                  000a6178    0000bb80     wt.obj (.far)
                  000b1cf8    0000a1e8     brad_pitch_instrumental.obj (.far)
                  000bbee0    00000100     csl6416.lib : csl_irq.obj (.far)
                  000bbfe0    00000090     rts6400.lib : exit.obj (.far)
                  000bc070    00000060                 : atan.obj (.far)
                  000bc0d0    0000005a     c6416dskinit.obj (.far)
                  000bc12a    00000004     dsk6416bsl.lib : dsk6416.obj (.far)
                  000bc12e    00000002                    : dsk6416_led.obj (.far)
                  000bc130    00000054     csl6416.lib : csl_mcbsp.obj (.far)
                  000bc188    00000030                 : csl_timer.obj (.far)
                  000bc1b8    00000028                 : csl.obj (.far)
                  000bc1e0    00000020     dsk6416bsl.lib : dsk6416_aic23_setfreq.obj (.far)
                  000bc200    00000014                    : dsk6416_aic23_registers.obj (.far)
                  000bc214    0000000c     biosi.a64 : utl_putc_inst.o (.far)
                  000bc220    0000000c     brad_3bandeq.obj (.far)
                  000bc22c    00000008     rts6400.lib : _lock.obj (.far)
                  000bc234    00000008     dsk6416bsl.lib : dsk6416_aic23_opencodec.obj (.far)

.mem       0    000bc23c    00000004     UNINITIALIZED
                  000bc23c    00000004     bradpitch6416cfg.obj (.mem)

.cinit     0    000bc240    0000f084     
                  000bc240    0000bb90     wt.obj (.cinit)
                  000c7dd0    000024f4     brad_pitch_instrumental.obj (.cinit)
                  000ca2c4    00000004     --HOLE-- [fill = 0]
                  000ca2c8    00000624     bradpitch6416cfg.obj (.cinit)
                  000ca8ec    00000004     --HOLE-- [fill = 0]
                  000ca8f0    000002dc     biosi.a64 : biosdata.o64 (.cinit)
                  000cabcc    00000004     --HOLE-- [fill = 0]
                  000cabd0    0000012c     csl6416.lib : csl_irq.obj (.cinit)
                  000cacfc    00000004     --HOLE-- [fill = 0]
                  000cad00    000000a8     biosi.a64 : knl_inst.o64 (.cinit)
                  000cada8    0000007c     csl6416.lib : csl_mcbsp.obj (.cinit)
                  000cae24    00000004     --HOLE-- [fill = 0]
                  000cae28    00000070     rts6400.lib : atan.obj (.cinit)
                  000cae98    0000005c     csl6416.lib : csl_timer.obj (.cinit)
                  000caef4    00000004     --HOLE-- [fill = 0]
                  000caef8    0000005c     c6416dskinit.obj (.cinit)
                  000caf54    00000004     --HOLE-- [fill = 0]
                  000caf58    0000005c     lnkrtdx.a64 : rtdx.o64 (.cinit)
                  000cafb4    00000004     --HOLE-- [fill = 0]
                  000cafb8    0000004c     biosi.a64 : rta.o64 (.cinit)
                  000cb004    00000004     --HOLE-- [fill = 0]
                  000cb008    0000004c               : tsk_inst.o64 (.cinit)
                  000cb054    00000004     --HOLE-- [fill = 0]
                  000cb058    00000048               : knl_inst.o64 (.cinit:c)
                  000cb0a0    0000003c     csl6416.lib : csl.obj (.cinit)
                  000cb0dc    00000004     --HOLE-- [fill = 0]
                  000cb0e0    0000002c     rts6400.lib : exit.obj (.cinit)
                  000cb10c    00000004     --HOLE-- [fill = 0]
                  000cb110    0000002c     biosi.a64 : tsk_stup_inst.o (.cinit)
                  000cb13c    00000004     --HOLE-- [fill = 0]
                  000cb140    0000002c     main.obj (.cinit)
                  000cb16c    00000004     --HOLE-- [fill = 0]
                  000cb170    0000002c     biosi.a64 : utl_putc_inst.o (.cinit)
                  000cb19c    00000004     --HOLE-- [fill = 0]
                  000cb1a0    00000028     dsk6416bsl.lib : dsk6416_aic23_setfreq.obj (.cinit)
                  000cb1c8    0000001c     rts6400.lib : _lock.obj (.cinit)
                  000cb1e4    00000004     --HOLE-- [fill = 0]
                  000cb1e8    0000001c     biosi.a64 : hwi.o64 (.cinit)
                  000cb204    00000004     --HOLE-- [fill = 0]
                  000cb208    0000001c     dsk6416bsl.lib : dsk6416_aic23_registers.obj (.cinit)
                  000cb224    00000004     --HOLE-- [fill = 0]
                  000cb228    00000018     biosi.a64 : knl_tick_inst.o (.cinit)
                  000cb240    00000010               : clk_start6x.o64 (.cinit)
                  000cb250    00000010               : gbl.o64 (.cinit:c)
                  000cb260    00000010               : sys_inst.o64 (.cinit:c)
                  000cb270    00000010               : tsk_inst.o64 (.cinit:c)
                  000cb280    0000000c               : idl_busy.o64 (.cinit)
                  000cb28c    00000004     --HOLE-- [fill = 0]
                  000cb290    0000000c     rts6400.lib : errno.obj (.cinit)
                  000cb29c    00000004     --HOLE-- [fill = 0]
                  000cb2a0    0000000c     rtdx64xx.lib : buffer1.o64 (.cinit)
                  000cb2ac    00000004     --HOLE-- [fill = 0]
                  000cb2b0    0000000c     biosi.a64 : knl_swit_inst.o (.cinit)
                  000cb2bc    00000008     --HOLE-- [fill = 0]

.log       0    000cb2c4    00000018     
                  000cb2c4    00000018     bradpitch6416cfg.obj (.log)

.args      0    000cb2dc    00000004     
                  000cb2dc    00000004     --HOLE-- [fill = 00000000]

.text      0    000cb2e0    0000b340     
                  000cb2e0    00000fa0     brad_dist.obj (.text)
                  000cc280    00000d20     brad_moddelay.obj (.text)
                  000ccfa0    00000c40     biquad.obj (.text)
                  000cdbe0    00000c00     brad_delay.obj (.text)
                  000ce7e0    00000bc0     qmath.obj (.text)
                  000cf3a0    00000a40     main.obj (.text)
                  000cfde0    00000900     brad_3bandeq.obj (.text)
                  000d06e0    000008a0     brad_pitch_instrumental.obj (.text)
                  000d0f80    00000720     c6416dskinit.obj (.text)
                  000d16a0    000006a0     brad_reverb.obj (.text)
                  000d1d40    00000600     wt.obj (.text)
                  000d2340    00000480     brad_tremolo.obj (.text)
                  000d27c0    000003c0     dsk6416bsl.lib : dsk6416.obj (.text)
                  000d2b80    00000380     rts6400.lib : atan.obj (.text:_atan)
                  000d2f00    00000300                 : frcdivd.obj (.text:__frcdivd)
                  000d3200    000002a0                 : imath64.obj (.text:__divull)
                  000d34a0    00000240                 : frcaddd.obj (.text:__frcaddd)
                  000d36e0    00000220     dsk6416bsl.lib : dsk6416_aic23_opencodec.obj (.text)
                  000d3900    00000220                    : dsk6416_aic23_registers.obj (.text)
                  000d3b20    00000200     rts6400.lib : frexp.obj (.text:_frexp)
                  000d3d20    000001e0     csl6416.lib : csl.obj (.text:__CSL_init)
                  000d3f00    000001e0                 : csl_mcbsp.obj (.text:_MCBSP_reset)
                  000d40e0    000001e0                 : csl_irq.obj (.text:_IRQ_map)
                  000d42c0    000001e0     rts6400.lib : atan2.obj (.text:_atan2)
                  000d44a0    000001c0                 : mpyd.obj (.text:__mpyd)
                  000d4660    000001c0                 : divd.obj (.text:__divd)
                  000d4820    000001c0                 : imath40.obj (.text:__divul)
                  000d49e0    000001a0                 : imath64.obj (.text:__divlli)
                  000d4b80    000001a0     csl6416.lib : csl_irq.obj (.text:_mux2Tables)
                  000d4d20    000001a0     dsk6416bsl.lib : dsk6416_led.obj (.text)
                  000d4ec0    00000160     rts6400.lib : addd.obj (.text:__addd)
                  000d5020    00000120     csl6416.lib : csl_timer.obj (.text:_TIMER_reset)
                  000d5140    00000120                 : csl_timer.obj (.text:_TIMER_open)
                  000d5260    00000120     rts6400.lib : frcmpyd.obj (.text:__frcmpyd)
                  000d5380    00000100                 : divi.obj (.text:__divi)
                  000d5480    00000100     dsk6416bsl.lib : dsk6416_aic23_setfreq.obj (.text)
                  000d5580    00000100     rts6400.lib : memset.obj (.text:_memset)
                  000d5680    000000e0     csl6416.lib : csl_mcbsp.obj (.text:_MCBSP_open)
                  000d5760    000000e0                 : csl_mcbsp.obj (.text:_MCBSP_start)
                  000d5840    000000c0     rts6400.lib : exit.obj (.text:_atexit)
                  000d5900    000000c0                 : strasg.obj (.text:__strasg)
                  000d59c0    000000c0                 : imath40.obj (.text:__divli)
                  000d5a80    000000c0     csl6416.lib : csl_irq.obj (.text:_setMux)
                  000d5b40    000000c0                 : csl_mcbsp.obj (.text:_MCBSP_config)
                  000d5c00    000000a0     rts6400.lib : fltlid.obj (.text:__fltlid)
                  000d5ca0    000000a0                 : imath40.obj (.text:__remli)
                  000d5d40    000000a0                 : mpyll.obj (.text:__mpyll)
                  000d5de0    000000a0                 : renormd.obj (.text:_renormd)
                  000d5e80    000000a0     csl6416.lib : csl_emifb.obj (.text:_EMIFB_config)
                  000d5f20    000000a0     rts6400.lib : cmpd.obj (.text:__cmpd)
                  000d5fc0    000000a0     csl6416.lib : csl_emifa.obj (.text:_EMIFA_config)
                  000d6060    00000080     rts6400.lib : memcpy64.obj (.text:_memcpy)
                  000d60e0    00000080     csl6416.lib : csl_irq.obj (.text:__IRQ_init)
                  000d6160    00000080     rts6400.lib : llshift.obj (.text:__llshl)
                  000d61e0    00000060                 : llshift.obj (.text:__llshru)
                  000d6240    00000060                 : imath64.obj (.text:__subcull)
                  000d62a0    00000060     csl6416.lib : csl_timer.obj (.text:_TIMER_configArgs)
                  000d6300    00000040     rts6400.lib : subd.obj (.text:__subd)
                  000d6340    00000040     csl6416.lib : csl_timer.obj (.text:_TIMER_start)
                  000d6380    00000040     rts6400.lib : negd.obj (.text:__negd)
                  000d63c0    00000040                 : abs.obj (.text:_llabs)
                  000d6400    00000040     csl6416.lib : csl_irq.obj (.text:_IRQ_reset)
                  000d6440    00000020     rts6400.lib : _lock.obj (.text:__register_lock)
                  000d6460    00000020     bradpitch6416cfg_c.obj (.text:CSL_cfgInit)
                  000d6480    00000020     csl6416.lib : csl_mcbsp.obj (.text:_MCBSP_read)
                  000d64a0    00000020     rts6400.lib : negll.obj (.text:__negll)
                  000d64c0    00000020     csl6416.lib : csl_mcbsp.obj (.text:_MCBSP_getXmtEventId)
                  000d64e0    00000020     rts6400.lib : _lock.obj (.text:__register_unlock)
                  000d6500    00000020                 : _lock.obj (.text:__nop)
                  000d6520    00000020     csl6416.lib : csl_mcbsp.obj (.text:_MCBSP_xrdy)
                  000d6540    00000020                 : csl_irq.obj (.text:_IRQ_globalDisable)
                  000d6560    00000020                 : csl_irq.obj (.text)
                  000d6580    00000020                 : csl_mcbsp.obj (.text:_MCBSP_rrdy)
                  000d65a0    00000020                 : csl_irq.obj (.text:_IRQ_enable)
                  000d65c0    00000020                 : csl_mcbsp.obj (.text:_MCBSP_write)
                  000d65e0    00000020                 : csl_irq.obj (.text:_IRQ_nmiEnable)
                  000d6600    00000020                 : csl_irq.obj (.text:_IRQ_globalEnable)

.ISRAM$heap 
*          0    000d6620    00008000     UNINITIALIZED

.bios      0    000de620    000040c0     
                  000de620    000006e0     biosi.a64 : swi.o64 (.bios)
                  000ded00    00000540     lnkrtdx.a64 : rtdx.o64 (.bios)
                  000df240    00000440     biosi.a64 : hwi_disp_asm64 (.bios)
                  000df680    00000340               : malloc_inst.o64 (.bios)
                  000df9c0    00000320               : prd.o64 (.bios)
                  000dfce0    00000280               : rta.o64 (.bios)
                  000dff60    00000260               : sem_pend_inst.o (.bios)
                  000e01c0    00000240               : knl_run_inst.o6 (.bios)
                  000e0400    00000240               : clk.o64 (.bios)
                  000e0640    00000220               : pip.o64 (.bios)
                  000e0860    00000220               : knl_tick_inst.o (.bios)
                  000e0a80    00000200               : mem_allo_inst.o (.bios:.near)
                  000e0c80    00000200               : mem_free_inst.o (.bios:.near)
                  000e0e80    000001c0               : tsk_setu_inst.o (.bios)
                  000e1040    000001c0               : sem_dopo_inst.o (.bios)
                  000e1200    000001a0               : tsk_exit_inst.o (.bios)
                  000e13a0    00000180               : knl_swit_inst.o (.bios)
                  000e1520    00000160               : autoinit.o64 (.bios)
                  000e1680    00000100               : tsk_stup_inst.o (.bios)
                  000e1780    00000100               : knl_chec_inst.o (.bios)
                  000e1880    00000100               : idl_cal.o64 (.bios)
                  000e1980    000000e0               : sem_post_asm_in (.bios)
                  000e1a60    000000e0               : knl_exit_inst.o (.bios)
                  000e1b40    000000c0               : mem_init_inst.o (.bios:.near)
                  000e1c00    000000c0               : sem_post_inst.o (.bios)
                  000e1cc0    000000c0               : lck_inst.o64 (.bios)
                  000e1d80    000000a0               : atm_inst.o64 (.bios)
                  000e1e20    000000a0               : sys_exit_inst.o (.bios)
                  000e1ec0    000000a0               : knl_ipos_inst.o (.bios)
                  000e1f60    000000a0               : knl_post_inst.o (.bios)
                  000e2000    00000080               : idl_busy.o64 (.bios)
                  000e2080    00000080               : fxn.o64 (.bios)
                  000e2100    00000080               : log.o64 (.bios)
                  000e2180    00000080               : gbl_cslinit62.o (.bios)
                  000e2200    00000080               : clk_start6x.o64 (.bios)
                  000e2280    00000060               : que_get_inst.o6 (.bios)
                  000e22e0    00000060               : tsk_init_inst.o (.bios)
                  000e2340    00000060               : sys_erro_inst.o (.bios:.near)
                  000e23a0    00000060               : sts.o64 (.bios)
                  000e2400    00000060               : trc_c.o64 (.bios)
                  000e2460    00000060               : utl_putc_inst.o (.bios)
                  000e24c0    00000060               : sem_pend_asm_in (.bios)
                  000e2520    00000040               : idl_stub_inst.o (.bios)
                  000e2560    00000040               : swi_post.o64 (.bios)
                  000e25a0    00000040               : utl_doab_inst.o (.bios)
                  000e25e0    00000040               : rta_andn.o64 (.bios)
                  000e2620    00000020               : idl.o64 (.bios)
                  000e2640    00000020               : utl_doer_inst.o (.bios)
                  000e2660    00000020               : utl_halt_inst.o (.bios)
                  000e2680    00000020               : fxn_c.o64 (.bios)
                  000e26a0    00000020               : sts_set.o64 (.bios)
                  000e26c0    00000020               : gbl_vers.o64 (.bios)

.rtdx_text 
*          0    000e26e0    00000b60     
                  000e26e0    00000600     rtdx64xx.lib : rtdx_mon.o64 (.rtdx_text)
                  000e2ce0    00000540                  : buffer1.o64 (.rtdx_text)
                  000e3220    00000020                  : intr_tgt.o64 (.rtdx_text)

.hst0      0    000e3240    00000100     UNINITIALIZED
                  000e3240    00000100     bradpitch6416cfg.obj (.hst0)

.tsk       0    000e3340    00000060     UNINITIALIZED
                  000e3340    00000060     bradpitch6416cfg.obj (.tsk)

.swi       0    000e33a0    00000058     UNINITIALIZED
                  000e33a0    00000058     bradpitch6416cfg.obj (.swi)

.clk       0    000e33f8    00000008     UNINITIALIZED
                  000e33f8    00000008     bradpitch6416cfg.obj (.clk)

.hwi_vec   0    000e3400    00000200     
                  000e3400    00000200     bradpitch6416cfg.obj (.hwi_vec)

.bss       0    000e3600    000004c8     UNINITIALIZED
                  000e3600    00000134     biosi.a64 : biosdata.o64 (.bss)
                  000e3734    00000100               : hwi_disp_asm64 (.bss)
                  000e3834    00000004               : mem_asm.o64 (.bss)
                  000e3838    000000e0               : knl_inst.o64 (.bss)
                  000e3918    0000009c     bradpitch6416cfg.obj (.bss)
                  000e39b4    00000040     biosi.a64 : knl_inst.o64 (.bss:c)
                  000e39f4    00000038               : tsk_inst.o64 (.bss)
                  000e3a2c    00000024               : tsk_stup_inst.o (.bss)
                  000e3a50    00000020               : sys_inst.o64 (.bss)
                  000e3a70    00000018     lnkrtdx.a64 : rtdx.o64 (.bss)
                  000e3a88    00000010     biosi.a64 : knl_tick_inst.o (.bss)
                  000e3a98    00000008               : hwi.o64 (.bss)
                  000e3aa0    00000008               : tsk_inst.o64 (.bss:c)
                  000e3aa8    00000008               : gbl.o64 (.bss:c)
                  000e3ab0    00000008               : sys_inst.o64 (.bss:c)
                  000e3ab8    00000008               : clk_start6x.o64 (.bss)
                  000e3ac0    00000004               : idl_busy.o64 (.bss)
                  000e3ac4    00000004               : gbl_cslinit62.o (.bss)

.rtdx_data 
*          0    000e3ac8    00000450     UNINITIALIZED
                  000e3ac8    00000410     bradpitch6416cfg.obj (.rtdx_data)
                  000e3ed8    00000020     rtdx64xx.lib : buffer1.o64 (.rtdx_data)
                  000e3ef8    00000020                  : rtdx_mon.o64 (.rtdx_data)

.stack     0    000e3f18    00000400     
                  000e3f18    00000400     --HOLE-- [fill = 00c0ffee]

.TSK_idle$stk 
*          0    000e4318    00000400     UNINITIALIZED
                  000e4318    00000400     bradpitch6416cfg.obj (.TSK_idle$stk)

.sysinit   0    000e4720    00000340     
                  000e4720    00000280     bradpitch6416cfg.obj (.sysinit)
                  000e49a0    000000c0     biosi.a64 : boot.o64 (.sysinit)

.trace     0    000e4a60    00000200     
                  000e4a60    00000200     --HOLE-- [fill = 00000000]

.sts       0    000e4c60    00000040     
                  000e4c60    00000040     bradpitch6416cfg.obj (.sts)

.hst       0    000e4ca0    0000002c     UNINITIALIZED
                  000e4ca0    0000002c     bradpitch6416cfg.obj (.hst)

.gblinit   0    000e4ccc    00000028     
                  000e4ccc    00000028     bradpitch6416cfg.obj (.gblinit)

.trcdata   0    000e4cf4    0000000c     
                  000e4cf4    0000000c     bradpitch6416cfg.obj (.trcdata)

.LOG_system$buf 
*          0    000e4d00    00000100     
                  000e4d00    00000100     bradpitch6416cfg.obj (.LOG_system$buf) [fill = ffffffff]

.const     0    000e4e00    0000017e     
                  000e4e00    000000c0     dsk6416bsl.lib : dsk6416.obj (.const)
                  000e4ec0    00000070                    : dsk6416_aic23_opencodec.obj (.const)
                  000e4f30    00000023     biosi.a64 : utl_doab_inst.o (.const)
                  000e4f53    00000022               : utl_doer_inst.o (.const)
                  000e4f75    00000004               : mem_allo_inst.o (.const)
                  000e4f79    00000004               : mem_free_inst.o (.const)
                  000e4f7d    00000001               : tsk_inst.o64 (.const)

.pip       0    000e4f80    000000c8     UNINITIALIZED
                  000e4f80    000000c8     bradpitch6416cfg.obj (.pip)

.idl       0    000e5048    00000020     UNINITIALIZED
                  000e5048    00000010     bradpitch6416cfg.obj (.idl)
                  000e5058    00000010     bradpitch6416cfg.obj (.idlcal)

.hst1      0    000e5068    00000010     UNINITIALIZED
                  000e5068    00000010     bradpitch6416cfg.obj (.hst1)

.sys       0    000e5078    00000010     UNINITIALIZED
                  000e5078    00000010     bradpitch6416cfg.obj (.sys)

.pinit     0    000e5088    0000000c     
                  000e5088    00000004     rtdx64xx.lib : buffer1.o64 (.pinit)
                  000e508c    00000004                  : rtdx_mon.o64 (.pinit)
                  000e5090    00000004     --HOLE-- [fill = 0]


GLOBAL SYMBOLS: SORTED ALPHABETICALLY BY Name 

address    name
--------   ----
000e3600   $bss
000e3600   .bss
00000400   .data
000cb2e0   .text
000e489c   BIOS$$CLKOFF
000e486c   BIOS$$CLKON
000e4720   BIOS_init
000e48fc   BIOS_start
ffffffff   BOOT
00000000   BUF$
00000001   BUF_ENABLED
00000001   CLK$
000e33f8   CLK_A_TABBEG
000e3400   CLK_A_TABEND
00000008   CLK_A_TABLEN
00015f90   CLK_COUNTSPMS
00000001   CLK_COUNTSPMSHIGH
000e3628   CLK_D_idletime
000e3624   CLK_D_isrhook
000e3620   CLK_D_tabbeg
000e361c   CLK_D_timefxn
000e0400   CLK_F_getfhtime
000e0420   CLK_F_gethtime
000e0494   CLK_F_getltime
000e0420   CLK_F_getshtime
000e04a0   CLK_F_isr
000e05f0   CLK_F_itime
000df240   CLK_HOOKFXN
00004000   CLK_INTBIT
00015f90   CLK_PRD
00000001   CLK_PRDHIGH
01940000   CLK_REGS
000e3618   CLK_R_time
00000020   CLK_TCR
00000000   CLK_TDDR
00000000   CLK_TDDRHIGH
000e0420   CLK_TIMEFXN
00000000   CLK_TIMERNUM
00000001   CLK_USETIMER
000e33fc   CLK_null
00000000   DEV$
00000000   DGN$
00000000   DHL$
00000000   DHL_gChannelsAvailable
00000000   DIO$
00000000   DIO_NUMSWIBASE
00000000   DIO_NUMTSKBASE
00000000   DIO_STATIC
00000000   DPI$
ffffffff   FLASH
000e2080   FXN_F_nop
000e2088   FXN_F_run
000e20d8   FXN_F_zero
00000001   GBL$
00000490   GBL_A_VERSION
00000000   GBL_BIGENDIAN
00000000   GBL_C641XL2PRIORITY
00000000   GBL_CACHE
00000001   GBL_CALLCSLCFGINIT
00000001   GBL_ENABLEINST
00000042   GBL_FOOTPRINT
000e26c0   GBL_F_version
00002226   GBL_L2ALLOC
00000000   GBL_L2CONFIGALLOC
00000000   GBL_L2CONFIGURE
00000000   GBL_L2MARMASK
00000000   GBL_L2MARMASK1
00000000   GBL_L2MARMASK2
00000000   GBL_L2MARMASK3
00000000   GBL_L2MARMASK4
00000000   GBL_L2MARMASK5
00000000   GBL_L2MODE
00000000   GBL_L2PRIORITY
00000000   GBL_NULL
00000000   GBL_ROM
00000001   GBL_SUPPORTCSL
0000dbef   GBL_TRCMASKVALUE
00000000   GBL_USERINIT
000e2680   GBL_USERINITFXN
00000001   GBL_boot
000e4cfc   GBL_initdone
000e3f18   GBL_stackbeg
000e4317   GBL_stackend
00000000   GIO$
000e2680   GIO_CREATEFXN
000e2680   GIO_DELETEFXN
000e2680   GIO_PENDFXN
000e2680   GIO_POSTFXN
00000000   HOOK$
00000000   HOOK_KNLID
00000001   HST$
000e4ca0   HST_A_TABBEG
000e4ccc   HST_A_TABEND
00000002   HST_A_TABLEN
00000000   HST_DSM
000e3934   HST_DSMBUFSEG
00000400   HST_DSMMEMSIZE
000e3718   HST_D_chanmask
00000100   HST_MAXFRAMEALLOWED
00000040   HST_MAXFRAMESET
00000000   HST_NONE
00000001   HST_RTDX
00000001   HWI$
000e3400   HWI_A_VECS
000e3a98   HWI_D_ccmask
000df240   HWI_F_dispatch
00000000   HWI_GENERATE_RESET_VEC
0000000a   HWI_INT10
0000000b   HWI_INT11
0000000c   HWI_INT12
0000000d   HWI_INT13
0000000e   HWI_INT14
0000000f   HWI_INT15
00000004   HWI_INT4
00000005   HWI_INT5
00000006   HWI_INT6
00000007   HWI_INT7
00000008   HWI_INT8
00000009   HWI_INT9
082039a3   HWI_INTRMULTHIGH
250718a4   HWI_INTRMULTLOW
00000001   HWI_NMI
00000000   HWI_POLARITYMASK
00000002   HWI_RESERVED0
00000003   HWI_RESERVED1
00000000   HWI_RESET
00000000   HWI_ZEROTAB
00000001   IDL$
000e5058   IDL_A_CALBEG
000e5068   IDL_A_CALEND
00000002   IDL_A_CALLEN
000e5048   IDL_A_TABBEG
000e5058   IDL_A_TABEND
00000002   IDL_A_TABLEN
000e2520   IDL_CALIBRFXN
000e3ac0   IDL_D_busyObj
000e3608   IDL_D_calbeg
000e3604   IDL_D_calibrate
000e3600   IDL_D_tabbeg
000e5054   IDL_END
000e5064   IDL_END$
000e2000   IDL_F_busy
000e1880   IDL_F_calibrate
000e2620   IDL_F_loop
000e2520   IDL_F_stub
00000001   IDL_USECLKIDLTIME
000e4c94   IDL_busyObj
000e4c90   IDL_busyObj$stsobj
000e5050   IDL_cpuLoad
000e5060   IDL_cpuLoad$
000e3934   ISRAM
000d6620   ISRAM$B
00008000   ISRAM$L
00000001   ISRC$
000e14f0   KNL_glue
000e33a0   KNL_swi
000e4c64   KNL_swi$sts
000e4c60   KNL_swi$sts$stsobj
00000001   LCK$
000ded00   LNK_F_checkBufferCall
000ded74   LNK_F_dataPump
000ded20   LNK_F_getChanPtr
000ded6c   LNK_F_init
000df214   LNK_F_readCallBack
000e5048   LNK_dataPump
000e5058   LNK_dataPump$
000e3a74   LNK_dspFrameReadyMask
000e3a70   LNK_dspFrameRequestMask
000defc4   LNK_newin
000df0d4   LNK_newout
000ded80   LNK_rcloop
000dee30   LNK_rdrtry
000e3a7c   LNK_readDone
000e3a80   LNK_readFail
000e3a78   LNK_readPend
000dee38   LNK_rrloop
000e3a84   LNK_writeFail
000deef4   LNK_wrloop
000deeec   LNK_wrrtry
00000001   LOG$
000cb2c4   LOG_A_TABBEG
000cb2dc   LOG_A_TABEND
00000001   LOG_A_TABLEN
000e360c   LOG_D_system
00000001   LOG_ENABLED
000e2100   LOG_F_event
000cb2c4   LOG_system
000e4d00   LOG_system$buf
00000040   LOG_system$size
00000000   MBX$
00000001   MEM$
000e3934   MEM_MALLOCSEG
00000000   MEM_NULL
000e3934   MEM_SEGZERO
00000002   MEM_gNumHeap
00000000   OBJ$
00000000   PIP$
000e4f80   PIP_A_TABBEG
000e5048   PIP_A_TABEND
00000002   PIP_A_TABLEN
000e3610   PIP_D_tabbeg
000e3614   PIP_D_tablen
000e06d4   PIP_F_give
000e06d4   PIP_F_probe
000e07a8   PIP_F_start
000e0640   PIP_F_take
00000000   PIP_gNextId
00000002   PIP_gNumEmbed
00000001   PRD$
00000400   PRD_A_TABBEG
00000400   PRD_A_TABEND
00000000   PRD_A_TABLEN
000e36d4   PRD_D_cur
000e36d8   PRD_D_elapsed
000e36dc   PRD_D_prevtim
000e36e0   PRD_D_scalar
000e36e4   PRD_D_swihandle
000e36e8   PRD_D_tabbeg
000e36ec   PRD_D_tablen
000e36f0   PRD_D_thook
000e36d0   PRD_D_tick
000df9c0   PRD_F_swi
000dfc1c   PRD_F_tick
00004000   PRD_SCALAR
00000000   PRD_SWIHANDLE
000e0a60   PRD_THOOKFXN
000e33f8   PRD_clock
00000001   QUE$
000e36f4   RTA_D_fromHost
000e36fc   RTA_D_logval
000e370c   RTA_D_stsval
000e36f8   RTA_D_toHost
000e25e0   RTA_F_andn
000dfdd8   RTA_F_dispatch
000dfce0   RTA_F_getlog
000dfd24   RTA_F_getsts
000e2600   RTA_F_or
000dfd6c   RTA_F_readblk
000dfd98   RTA_F_resetmem
000dfd8c   RTA_F_writeword
000e504c   RTA_dispatcher
000e505c   RTA_dispatcher$
000dfe18   RTA_execute
000e4ca4   RTA_fromHost
000e5068   RTA_fromHost$buf
000e4f80   RTA_fromHost$pipe
000e4fb0   RTA_fromHost$pipe$aaa
000e4fe0   RTA_fromHost$pipe$bbb
000e393c   RTA_fromHost$pipe$dtab
000e4f84   RTA_fromHost$pipe$rd
000e4fb4   RTA_fromHost$pipe$wr
000e4cac   RTA_fromHost$rtdx
000e4cb8   RTA_toHost
000e3240   RTA_toHost$buf
000e4fe4   RTA_toHost$pipe
000e5014   RTA_toHost$pipe$aaa
000e5044   RTA_toHost$pipe$bbb
000e3948   RTA_toHost$pipe$dtab
000e4fe8   RTA_toHost$pipe$rd
000e5018   RTA_toHost$pipe$wr
000e4cc0   RTA_toHost$rtdx
00000001   RTDX$
00000408   RTDX_BUFMEMSIZE
000e3934   RTDX_DATAMEMSEG
00000001   RTDX_NORMALIZED_HDR
00000001   RTDX_USERTDX
00000000   RTDX_USERTEXECUTION
000e3938   SDRAM
80000000   SDRAM$B
00008000   SDRAM$L
00000000   SEM$
00000000   SIO$
00000001   STS$
000e4c60   STS_A_TABBEG
000e4ca0   STS_A_TABEND
00000004   STS_A_TABLEN
000e23b0   STS_F_add
000e23a0   STS_F_delta
000e23dc   STS_F_reset
00000001   SWI$
000e33a0   SWI_A_TABBEG
000e33f8   SWI_A_TABEND
00000002   SWI_A_TABLEN
000e3638   SWI_D_curfxn
000e362c   SWI_D_curmask
000e363c   SWI_D_curmbox
000e3630   SWI_D_curset
000e3654   SWI_D_ehook
000e3644   SWI_D_execaddr
000e3650   SWI_D_ihook
000e3640   SWI_D_lock
000e3634   SWI_D_pending
000e364c   SWI_D_rdybeg
000e3658   SWI_D_rdytab
000e3648   SWI_D_runaddr
00000000   SWI_EHOOKFXN
000de8b8   SWI_EXECFXN
000de620   SWI_F_enable
000de840   SWI_F_exec
000de8b8   SWI_F_iexec
000de6a8   SWI_F_post
000dea80   SWI_F_run
00000000   SWI_IHOOKFXN
000dea80   SWI_RUNFXN
000e33cc   SWI_process_isr
000e4c74   SWI_process_isr$sts
000e4c70   SWI_process_isr$sts$stsobj
00000001   SYS$
000e5078   SYS$config
000e25a0   SYS_ABORTFXN
000e2640   SYS_ERRORFXN
000e2660   SYS_EXITFXN
000e2460   SYS_PUTCFXN
000e4cf8   TRC_R_mask
000e4cf4   TRC_cinit
00000001   TSK$
00000000   TSK_NUM_HOOKS
00000001   TSK_PRIORITY
00000000   TSK_READYFXN
000e3934   TSK_STACKSEG
00000400   TSK_STACKSIZE
00000000   TSK_SWITCHFXN
000e2680   TSK_VCREATEFXN
000e2680   TSK_VDELETEFXN
000e2680   TSK_VEXITFXN
000e334c   TSK_idle
000e4318   TSK_idle$stack
000e46b0   TSK_idle$stkptr
000e4c84   TSK_idle$sts
000e4c80   TSK_idle$sts$stsobj
00000000   UDEV$
00000408   _A
000bc0dc   _AIC23CfgData
000bc0d0   _AIC_data
000e1d80   _ATM_andi
000e1d80   _ATM_andu
000e1da0   _ATM_cleari
000e1da0   _ATM_clearu
000e1db8   _ATM_deci
000e1db8   _ATM_decu
000e1dd4   _ATM_inci
000e1dd4   _ATM_incu
000e1df0   _ATM_ori
000e1df0   _ATM_oru
000e1e0c   _ATM_seti
000e1e0c   _ATM_setu
00000c08   _B
000e4720   _BIOS_init
000e48fc   _BIOS_start
ffffffff   _BOOT
000ccfc8   _BiQuad_FlushDelays
000cd710   _BiQuad_calculateBPF
000cd96c   _BiQuad_calculateBSF
000cd528   _BiQuad_calculateHighPass
000cd334   _BiQuad_calculateLowPass
000ccfa0   _BiQuad_create
000cd020   _BiQuad_do
00001408   _C
00015f90   _CLK_COUNTSPMS
000e05f0   _CLK_F_itime
00015f90   _CLK_PRD
01940000   _CLK_REGS
00000000   _CLK_TDDR
00000000   _CLK_TIMERNUM
00000001   _CLK_USETIMER
000e05f0   _CLK_itime
000e2200   _CLK_start
000e2200   _CLK_start6x
000d6460   _CSL_cfgInit
000bc234   _DSK6416_AIC23_codeccontrolhandle
000bc238   _DSK6416_AIC23_codecdatahandle
000d3a5c   _DSK6416_AIC23_config
000d36e0   _DSK6416_AIC23_openCodec
000d3a1c   _DSK6416_AIC23_rget
000d3900   _DSK6416_AIC23_rset
000d5480   _DSK6416_AIC23_setFreq
000d4d20   _DSK6416_LED_init
000d4d68   _DSK6416_LED_off
000d4dd4   _DSK6416_LED_on
000d4e40   _DSK6416_LED_toggle
000d2aac   _DSK6416_getVersion
000d27c0   _DSK6416_init
000d2970   _DSK6416_rget
000d29a8   _DSK6416_rset
000bc12a   _DSK6416_version
000d29f0   _DSK6416_wait
000d2a60   _DSK6416_waitusec
000d5fc0   _EMIFA_config
000d5e80   _EMIFB_config
ffffffff   _FLASH
000e2680   _FXN_F_nop
000e2088   _FXN_F_run
000e20d8   _FXN_F_zero
00000000   _GBL_CACHE
000e2180   _GBL_cslInit
000e3ac4   _GBL_cslTimerHandle
000e3aa8   _GBL_irqEventTable
000e3aac   _GBL_irqIntTable
000e4ca0   _HST_A_TABBEG
000e4ccc   _HST_A_TABEND
00000002   _HST_A_TABLEN
000e3a9c   _HWI_D_spsave
000df240   _HWI_F_dispatch
0000000a   _HWI_INT10
0000000b   _HWI_INT11
0000000c   _HWI_INT12
0000000d   _HWI_INT13
0000000e   _HWI_INT14
0000000f   _HWI_INT15
00000004   _HWI_INT4
00000005   _HWI_INT5
00000006   _HWI_INT6
00000007   _HWI_INT7
00000008   _HWI_INT8
00000009   _HWI_INT9
00000001   _HWI_NMI
00000002   _HWI_RESERVED0
00000003   _HWI_RESERVED1
00000000   _HWI_RESET
000e4310   _HWI_STKBOTTOM
000e3f18   _HWI_STKTOP
000e3734   _HWI_dispatchTab
000e4c94   _IDL_busyObj
000e5050   _IDL_cpuLoad
000e2620   _IDL_loop
000d65a0   _IRQ_enable
000d6540   _IRQ_globalDisable
000d6600   _IRQ_globalEnable
000d40e0   _IRQ_map
000d65e0   _IRQ_nmiEnable
000d6400   _IRQ_reset
000e3934   _ISRAM
000d6620   _ISRAM_base
00008000   _ISRAM_length
000e39bc   _KNL_alarm
000e1780   _KNL_check
000e39dc   _KNL_curqueue
000e39d0   _KNL_curtask
000e39d8   _KNL_curtime
000e38d8   _KNL_dummy
000e1a60   _KNL_enter
000e1ad4   _KNL_exit
000e182c   _KNL_idle
000e3914   _KNL_idlefxn
000e39c4   _KNL_inactive
000e1ec0   _KNL_ipost
000e1848   _KNL_max
000e39e0   _KNL_maxqueue
000e1f60   _KNL_post
000e39d4   _KNL_prevtask
000e39c8   _KNL_priority
000e3838   _KNL_queues
000e01c0   _KNL_run
000e13a0   _KNL_saveIsrFrame
000e39cc   _KNL_set
000e39c0   _KNL_setpri
000e33a0   _KNL_swi
000e3910   _KNL_swiptr
000e1448   _KNL_switch
000e39e8   _KNL_tcreatefxn
000e39ec   _KNL_tdeletefxn
000e0a60   _KNL_tick
000e39f0   _KNL_treadyfxn
000e39e4   _KNL_tswitchfxn
000e39b4   _KNL_wFlag
000e39b8   _KNL_wList
000e1d08   _LCK_pend
000e1cc0   _LCK_post
000e5048   _LNK_dataPump
000cb2c4   _LOG_A_TABBEG
000cb2dc   _LOG_A_TABEND
00000001   _LOG_A_TABLEN
000e360c   _LOG_D_system
000e2100   _LOG_event
000cb2c4   _LOG_system
000d5b40   _MCBSP_config
000d64c0   _MCBSP_getXmtEventId
000d5680   _MCBSP_open
000d6480   _MCBSP_read
000d3f00   _MCBSP_reset
000d6580   _MCBSP_rrdy
000d5760   _MCBSP_start
000d65c0   _MCBSP_write
000d6520   _MCBSP_xrdy
000e3834   _MEM
000e371c   _MEM_D_NUMSEGMENTS
000e3724   _MEM_D_freelist
000e3728   _MEM_D_lockaddr
000e3720   _MEM_D_memtab
000e372c   _MEM_D_unlockaddr
000e0a80   _MEM_alloc
000e0c80   _MEM_free
000e1b40   _MEM_init
000e3918   _MEM_memtab
000e3954   _OBJ_table
000e4f80   _PIP_A_TABBEG
000e5048   _PIP_A_TABEND
00000002   _PIP_A_TABLEN
000e36d0   _PRD_D_tick
000e33f8   _PRD_clock
000d0dd8   _PShift_setPitchStep
000d0cd0   _PShift_setupPitchParams
000e2280   _QUE_get
000e22a8   _QUE_put
000e504c   _RTA_dispatcher
000e4ca4   _RTA_fromHost
000e4cb8   _RTA_toHost
000e3ac8   _RTDX_Buffer
000e3ed4   _RTDX_Buffer_End
000e2ce0   _RTDX_Buffer_Initialize
000e31d4   _RTDX_Buffer_Read
000e3ed0   _RTDX_Buffer_Start
000e2fe0   _RTDX_Buffer_Write
000e27f4   _RTDX_Final_RT_Monitor
000e2808   _RTDX_Init_RT_Monitor
000e2cb8   _RTDX_IsFlowEnabled
00000002   _RTDX_JTAGONLY
000e3220   _RTDX_Mask_IER
000e2b70   _RTDX_Mon_Queue
000e28a8   _RTDX_Poll
000e26e0   _RTDX_SetInterrupt
000e3238   _RTDX_Set_IER
00000000   _RTDX_interrupt_mask
000e3ee4   _RTDX_writing
000e3938   _SDRAM
80000000   _SDRAM_base
00008000   _SDRAM_length
000e24c0   _SEM_pend
000dff60   _SEM_pendEnterKnl
000e1980   _SEM_post
000e1c00   _SEM_postEnterKnl
000e4c60   _STS_A_TABBEG
000e4ca0   _STS_A_TABEND
00000004   _STS_A_TABLEN
000e23b0   _STS_add
000e23a0   _STS_delta
000e23dc   _STS_reset
000e26a0   _STS_set
000e3638   _SWI_D_curfxn
000e362c   _SWI_D_curmask
000e3640   _SWI_D_lock
000e364c   _SWI_D_rdybeg
000e2560   _SWI_post
000e33cc   _SWI_process_isr
000e3730   _SYS
000e4a60   _SYS_PUTCBEG
000e4c5f   _SYS_PUTCEND
000e2340   _SYS_error
000e1e20   _SYS_exit
000e3a50   _SYS_exitStack
000e3ab0   _SYS_exitStackPtr
000e3ab4   _SYS_exitStackTop
000a6178   _SinTable
000d62a0   _TIMER_configArgs
000d5140   _TIMER_open
000d5020   _TIMER_reset
000d6340   _TIMER_start
000e4cf8   _TRC_R_mask
000e2400   _TRC_disable
000e2420   _TRC_enable
000e243c   _TRC_query
000e39ac   _TSK
000e39f4   _TSK_ATTRS
000e1200   _TSK_exit
000e334c   _TSK_idle
000e22e0   _TSK_init
000e3aa0   _TSK_nTasks
000e3aa4   _TSK_pid
000e0e80   _TSK_setup
000e16b4   _TSK_startup
000e3a10   _TSK_timerSem
000abf38   _TriangleTable
000e25a0   _UTL_doAbort
000e2640   _UTL_doError
000e2460   _UTL_doPutc
000e2660   _UTL_halt
000d226c   _WaveTable_cookFrequency
000d1ea4   _WaveTable_doOscillate
000d22fc   _WaveTable_reset
000e0604   __CLK_lat1beg
000e0630   __CLK_lat1end
000d3d20   __CSL_init
000e39b0   __HOOK_NUMHOOKS
000e3930   __HOOK_knlId
000e2000   __IDL_lat1beg
000e2050   __IDL_lat1end
000bbfd8   __IRQ_dispatchTable
000bbf10   __IRQ_eventTable
000d6560   __IRQ_hookFetchPacket
000d60e0   __IRQ_init
000bbf98   __IRQ_intTable
000e17b4   __KNL_lat1beg
000e182c   __KNL_lat1end
000e2100   __LOG_lat1beg
000e2144   __LOG_lat1end1
000e2170   __LOG_lat1end2
000bc178   __MCBSP_hDev0
000bc17c   __MCBSP_hDev1
000bc180   __MCBSP_hDev2
000e2280   __QUE_lat1beg
000e22a0   __QUE_lat1end
000e22a8   __QUE_lat2beg
000e22c0   __QUE_lat2end
000dfd98   __RTA_lat1beg
000dfdd0   __RTA_lat1end
000e1040   __SEM_dopost
00000400   __STACK_SIZE
000de7b0   __SWI_lat1beg
000de83c   __SWI_lat1end1
000de8f8   __SWI_lat1end2
000de994   __SWI_lat2beg
000dea7c   __SWI_lat2end2
000de620   __SWI_lat3beg
000de6a4   __SWI_lat3end
000bc188   __TIMER_deviceTable
000bc1b4   __TIMER_hBios
000bc1ac   __TIMER_hDev0
000bc1b0   __TIMER_hDev1
000e3a2c   __TSK_mutex
ffffffff   ___binit__
000e3600   ___bss__
000cb2dc   ___c_args__
000bc240   ___cinit__
00000400   ___data__
00000400   ___edata__
000e3ac8   ___end__
000d6620   ___etext__
000e5088   ___pinit__
000cb2e0   ___text__
000d4ec0   __addd
000e1520   __auto_init
000bc068   __cleanup_ptr
000d5f20   __cmpd
000d4660   __divd
000d5380   __divi
000d59c0   __divli
000d49e0   __divlli
000d4820   __divul
000d3200   __divull
000bc06c   __dtors_ptr
000d5c00   __fltlid
000d34a0   __frcaddd
000d2f00   __frcdivd
000d5260   __frcmpyd
000d6160   __llshl
000d61e0   __llshru
000bc22c   __lock
000d44a0   __mpyd
000d5d40   __mpyll
000d6380   __negd
000d64a0   __negll
000d6500   __nop
000d6440   __register_lock
000d64e0   __register_unlock
000d5ca0   __remli
000e3f18   __stack
000d5900   __strasg
000d6240   __subcull
000d6300   __subd
000bc230   __unlock
000d2b80   _atan
000d42c0   _atan2
000d5840   _atexit
00000000   _boot_start
00001c20   _bufferflag
00001c1c   _bufferindex
000d0f80   _c6416_dsk_init
000cf894   _c_inpinterrupt
000e49a0   _c_int00
000cf71c   _c_int11
000cc828   _calculateDelayOffset
000df7f8   _calloc
00093570   _chorusDelayBuffer
000cce34   _chorus_setParam
000d1084   _comm_intr
000d1054   _comm_poll
000bc114   _config
00001c28   _delay
0005f888   _delayFilter
000ce688   _delay_setDelayTime
000ce74c   _delay_setFb
000ce6fc   _delay_setMix
000ce4d0   _delay_setParam
0005f828   _delayp
000cc1a0   _dist_setParam
000cffc0   _do_3band
000b1cf8   _env
000d0518   _eq_setParam
0005fc6c   _errno
0008ea70   _flangerDelayBuffer
000ccbe4   _flanger_setParam
000df880   _free
000d3b20   _frexp
00000400   _fs
0005f920   _fxChorus
0005f830   _fxDelay
0005fbb0   _fxDist
0005fb30   _fxEQ
0005fa80   _fxFlanger
0005f8e0   _fxPitch
0005fc30   _fxReverb
0005fbd8   _fxTremolo
0005f9d0   _fxVibrato
000bc128   _hAIC23_handle
000cfde0   _init_3band_state
00001c08   _input
000d1540   _input_left_sample
000d15ec   _input_right_sample
000d1444   _input_sample
00000404   _inputsource
000d63c0   _llabs
000cfd9c   _main
000df680   _malloc
000df6e8   _memalign
000d6060   _memcpy
000d5580   _memset
00001c0c   _output
000d12ac   _output_left_sample
000d1378   _output_right_sample
000d1190   _output_sample
000b41e0   _pitch_delay
000b3eb8   _pitch_table_cent
000d0e04   _pitcht_setParam
00001c10   _process
00001c14   _processOut
000cca18   _process_ModDelay
000cdd2c   _process_delay
000cb2e0   _process_dist
000cfae8   _process_eq
000ce128   _process_filteredDelay
000cb370   _process_fuzz
000cfb84   _process_isr
000cbca8   _process_overdrive
000d06e0   _process_pitchshift
000d17c8   _process_reverb
000cb68c   _process_squareDist
000cb934   _process_thunderFuzz
000d2688   _process_tremolo
000cf2d0   _qcos
000cec6c   _qexp
000ce994   _qlog
000cedc8   _qpow
000cf144   _qsin
000ce7e0   _qsqrt
000cf310   _qtan
000df8c0   _realloc
000d5de0   _renormd
0005fc70   _reverbBuffer
000d1ac8   _reverb_calculateFilter
000d1c0c   _reverb_setParam
000d1704   _reverb_setupParams
000e3ed8   _rtdx_buffer_state
000e3ef8   _rtdx_mon_state
000cc63c   _setChorusSettings
000cc280   _setFlangerSettings
000cc470   _setVibratoSettings
000cdbe0   _setupDelayParams
000d2340   _setupTremoloParams
000cf3a0   _setup_effects
000a6170   _temp
00001c18   _tmp
000d24e8   _tremolo_setParam
00090ff0   _vibratoDelayBuffer
000ccd14   _vibrato_setParam
ffffffff   binit
000bc240   cinit
00000400   edata
000e3ac8   end
000d6620   etext
000e3400   hwi0
000e3420   hwi1
000e3540   hwi10
000e3560   hwi11
000e3580   hwi12
000e35a0   hwi13
000e35c0   hwi14
000e35e0   hwi15
000e3440   hwi2
000e3460   hwi3
000e3480   hwi4
000e34a0   hwi5
000e34c0   hwi6
000e34e0   hwi7
000e3500   hwi8
000e3520   hwi9
000e5088   pinit


GLOBAL SYMBOLS: SORTED BY Symbol Address 

address    name
--------   ----
00000000   GBL_CACHE
00000000   MEM_NULL
00000000   GBL_C641XL2PRIORITY
00000000   OBJ$
00000000   GBL_BIGENDIAN
00000000   GBL_L2MARMASK1
00000000   GBL_L2MARMASK2
00000000   GBL_L2MARMASK
00000000   GBL_L2CONFIGALLOC
00000000   GBL_L2CONFIGURE
00000000   DIO$
00000000   DIO_NUMSWIBASE
00000000   DHL_gChannelsAvailable
00000000   DGN$
00000000   DHL$
00000000   _HWI_RESET
00000000   PIP$
00000000   DPI$
00000000   DIO_NUMTSKBASE
00000000   DIO_STATIC
00000000   GBL_L2MARMASK3
00000000   _GBL_CACHE
00000000   HST_DSM
00000000   HOOK_KNLID
00000000   _CLK_TIMERNUM
00000000   HOOK$
00000000   HWI_RESET
00000000   HWI_POLARITYMASK
00000000   HWI_ZEROTAB
00000000   HST_NONE
00000000   HWI_GENERATE_RESET_VEC
00000000   GBL_L2PRIORITY
00000000   GBL_NULL
00000000   GBL_L2MODE
00000000   GBL_L2MARMASK4
00000000   GBL_L2MARMASK5
00000000   GIO$
00000000   _CLK_TDDR
00000000   MBX$
00000000   GBL_ROM
00000000   GBL_USERINIT
00000000   SWI_IHOOKFXN
00000000   PRD_SWIHANDLE
00000000   TSK_SWITCHFXN
00000000   PRD_A_TABLEN
00000000   _RTDX_interrupt_mask
00000000   BUF$
00000000   SIO$
00000000   UDEV$
00000000   TSK_NUM_HOOKS
00000000   TSK_READYFXN
00000000   CLK_TIMERNUM
00000000   RTDX_USERTEXECUTION
00000000   _boot_start
00000000   DEV$
00000000   PIP_gNextId
00000000   SWI_EHOOKFXN
00000000   SEM$
00000000   CLK_TDDR
00000000   CLK_TDDRHIGH
00000001   _CLK_USETIMER
00000001   LOG_ENABLED
00000001   SYS$
00000001   GBL_boot
00000001   LOG_A_TABLEN
00000001   BUF_ENABLED
00000001   LOG$
00000001   CLK$
00000001   HWI$
00000001   HST_RTDX
00000001   IDL$
00000001   HWI_NMI
00000001   SWI$
00000001   IDL_USECLKIDLTIME
00000001   HST$
00000001   _LOG_A_TABLEN
00000001   LCK$
00000001   ISRC$
00000001   STS$
00000001   GBL_CALLCSLCFGINIT
00000001   QUE$
00000001   TSK_PRIORITY
00000001   GBL_ENABLEINST
00000001   PRD$
00000001   CLK_USETIMER
00000001   CLK_PRDHIGH
00000001   GBL$
00000001   RTDX_USERTDX
00000001   RTDX_NORMALIZED_HDR
00000001   CLK_COUNTSPMSHIGH
00000001   MEM$
00000001   GBL_SUPPORTCSL
00000001   _HWI_NMI
00000001   TSK$
00000001   RTDX$
00000002   PIP_gNumEmbed
00000002   HWI_RESERVED0
00000002   IDL_A_TABLEN
00000002   PIP_A_TABLEN
00000002   IDL_A_CALLEN
00000002   _PIP_A_TABLEN
00000002   _HST_A_TABLEN
00000002   MEM_gNumHeap
00000002   HST_A_TABLEN
00000002   _HWI_RESERVED0
00000002   SWI_A_TABLEN
00000002   _RTDX_JTAGONLY
00000003   HWI_RESERVED1
00000003   _HWI_RESERVED1
00000004   STS_A_TABLEN
00000004   HWI_INT4
00000004   _HWI_INT4
00000004   _STS_A_TABLEN
00000005   HWI_INT5
00000005   _HWI_INT5
00000006   _HWI_INT6
00000006   HWI_INT6
00000007   _HWI_INT7
00000007   HWI_INT7
00000008   CLK_A_TABLEN
00000008   HWI_INT8
00000008   _HWI_INT8
00000009   HWI_INT9
00000009   _HWI_INT9
0000000a   _HWI_INT10
0000000a   HWI_INT10
0000000b   HWI_INT11
0000000b   _HWI_INT11
0000000c   _HWI_INT12
0000000c   HWI_INT12
0000000d   _HWI_INT13
0000000d   HWI_INT13
0000000e   _HWI_INT14
0000000e   HWI_INT14
0000000f   _HWI_INT15
0000000f   HWI_INT15
00000020   CLK_TCR
00000040   LOG_system$size
00000040   HST_MAXFRAMESET
00000042   GBL_FOOTPRINT
00000100   HST_MAXFRAMEALLOWED
00000400   ___edata__
00000400   .data
00000400   __STACK_SIZE
00000400   HST_DSMMEMSIZE
00000400   PRD_A_TABBEG
00000400   edata
00000400   ___data__
00000400   _fs
00000400   PRD_A_TABEND
00000400   TSK_STACKSIZE
00000404   _inputsource
00000408   _A
00000408   RTDX_BUFMEMSIZE
00000490   GBL_A_VERSION
00000c08   _B
00001408   _C
00001c08   _input
00001c0c   _output
00001c10   _process
00001c14   _processOut
00001c18   _tmp
00001c1c   _bufferindex
00001c20   _bufferflag
00001c28   _delay
00002226   GBL_L2ALLOC
00004000   CLK_INTBIT
00004000   PRD_SCALAR
00008000   _ISRAM_length
00008000   ISRAM$L
00008000   _SDRAM_length
00008000   SDRAM$L
0000dbef   GBL_TRCMASKVALUE
00015f90   CLK_COUNTSPMS
00015f90   _CLK_COUNTSPMS
00015f90   CLK_PRD
00015f90   _CLK_PRD
0005f828   _delayp
0005f830   _fxDelay
0005f888   _delayFilter
0005f8e0   _fxPitch
0005f920   _fxChorus
0005f9d0   _fxVibrato
0005fa80   _fxFlanger
0005fb30   _fxEQ
0005fbb0   _fxDist
0005fbd8   _fxTremolo
0005fc30   _fxReverb
0005fc6c   _errno
0005fc70   _reverbBuffer
0008ea70   _flangerDelayBuffer
00090ff0   _vibratoDelayBuffer
00093570   _chorusDelayBuffer
000a6170   _temp
000a6178   _SinTable
000abf38   _TriangleTable
000b1cf8   _env
000b3eb8   _pitch_table_cent
000b41e0   _pitch_delay
000bbf10   __IRQ_eventTable
000bbf98   __IRQ_intTable
000bbfd8   __IRQ_dispatchTable
000bc068   __cleanup_ptr
000bc06c   __dtors_ptr
000bc0d0   _AIC_data
000bc0dc   _AIC23CfgData
000bc114   _config
000bc128   _hAIC23_handle
000bc12a   _DSK6416_version
000bc178   __MCBSP_hDev0
000bc17c   __MCBSP_hDev1
000bc180   __MCBSP_hDev2
000bc188   __TIMER_deviceTable
000bc1ac   __TIMER_hDev0
000bc1b0   __TIMER_hDev1
000bc1b4   __TIMER_hBios
000bc22c   __lock
000bc230   __unlock
000bc234   _DSK6416_AIC23_codeccontrolhandle
000bc238   _DSK6416_AIC23_codecdatahandle
000bc240   ___cinit__
000bc240   cinit
000cb2c4   _LOG_system
000cb2c4   _LOG_A_TABBEG
000cb2c4   LOG_system
000cb2c4   LOG_A_TABBEG
000cb2dc   ___c_args__
000cb2dc   LOG_A_TABEND
000cb2dc   _LOG_A_TABEND
000cb2e0   _process_dist
000cb2e0   .text
000cb2e0   ___text__
000cb370   _process_fuzz
000cb68c   _process_squareDist
000cb934   _process_thunderFuzz
000cbca8   _process_overdrive
000cc1a0   _dist_setParam
000cc280   _setFlangerSettings
000cc470   _setVibratoSettings
000cc63c   _setChorusSettings
000cc828   _calculateDelayOffset
000cca18   _process_ModDelay
000ccbe4   _flanger_setParam
000ccd14   _vibrato_setParam
000cce34   _chorus_setParam
000ccfa0   _BiQuad_create
000ccfc8   _BiQuad_FlushDelays
000cd020   _BiQuad_do
000cd334   _BiQuad_calculateLowPass
000cd528   _BiQuad_calculateHighPass
000cd710   _BiQuad_calculateBPF
000cd96c   _BiQuad_calculateBSF
000cdbe0   _setupDelayParams
000cdd2c   _process_delay
000ce128   _process_filteredDelay
000ce4d0   _delay_setParam
000ce688   _delay_setDelayTime
000ce6fc   _delay_setMix
000ce74c   _delay_setFb
000ce7e0   _qsqrt
000ce994   _qlog
000cec6c   _qexp
000cedc8   _qpow
000cf144   _qsin
000cf2d0   _qcos
000cf310   _qtan
000cf3a0   _setup_effects
000cf71c   _c_int11
000cf894   _c_inpinterrupt
000cfae8   _process_eq
000cfb84   _process_isr
000cfd9c   _main
000cfde0   _init_3band_state
000cffc0   _do_3band
000d0518   _eq_setParam
000d06e0   _process_pitchshift
000d0cd0   _PShift_setupPitchParams
000d0dd8   _PShift_setPitchStep
000d0e04   _pitcht_setParam
000d0f80   _c6416_dsk_init
000d1054   _comm_poll
000d1084   _comm_intr
000d1190   _output_sample
000d12ac   _output_left_sample
000d1378   _output_right_sample
000d1444   _input_sample
000d1540   _input_left_sample
000d15ec   _input_right_sample
000d1704   _reverb_setupParams
000d17c8   _process_reverb
000d1ac8   _reverb_calculateFilter
000d1c0c   _reverb_setParam
000d1ea4   _WaveTable_doOscillate
000d226c   _WaveTable_cookFrequency
000d22fc   _WaveTable_reset
000d2340   _setupTremoloParams
000d24e8   _tremolo_setParam
000d2688   _process_tremolo
000d27c0   _DSK6416_init
000d2970   _DSK6416_rget
000d29a8   _DSK6416_rset
000d29f0   _DSK6416_wait
000d2a60   _DSK6416_waitusec
000d2aac   _DSK6416_getVersion
000d2b80   _atan
000d2f00   __frcdivd
000d3200   __divull
000d34a0   __frcaddd
000d36e0   _DSK6416_AIC23_openCodec
000d3900   _DSK6416_AIC23_rset
000d3a1c   _DSK6416_AIC23_rget
000d3a5c   _DSK6416_AIC23_config
000d3b20   _frexp
000d3d20   __CSL_init
000d3f00   _MCBSP_reset
000d40e0   _IRQ_map
000d42c0   _atan2
000d44a0   __mpyd
000d4660   __divd
000d4820   __divul
000d49e0   __divlli
000d4d20   _DSK6416_LED_init
000d4d68   _DSK6416_LED_off
000d4dd4   _DSK6416_LED_on
000d4e40   _DSK6416_LED_toggle
000d4ec0   __addd
000d5020   _TIMER_reset
000d5140   _TIMER_open
000d5260   __frcmpyd
000d5380   __divi
000d5480   _DSK6416_AIC23_setFreq
000d5580   _memset
000d5680   _MCBSP_open
000d5760   _MCBSP_start
000d5840   _atexit
000d5900   __strasg
000d59c0   __divli
000d5b40   _MCBSP_config
000d5c00   __fltlid
000d5ca0   __remli
000d5d40   __mpyll
000d5de0   _renormd
000d5e80   _EMIFB_config
000d5f20   __cmpd
000d5fc0   _EMIFA_config
000d6060   _memcpy
000d60e0   __IRQ_init
000d6160   __llshl
000d61e0   __llshru
000d6240   __subcull
000d62a0   _TIMER_configArgs
000d6300   __subd
000d6340   _TIMER_start
000d6380   __negd
000d63c0   _llabs
000d6400   _IRQ_reset
000d6440   __register_lock
000d6460   _CSL_cfgInit
000d6480   _MCBSP_read
000d64a0   __negll
000d64c0   _MCBSP_getXmtEventId
000d64e0   __register_unlock
000d6500   __nop
000d6520   _MCBSP_xrdy
000d6540   _IRQ_globalDisable
000d6560   __IRQ_hookFetchPacket
000d6580   _MCBSP_rrdy
000d65a0   _IRQ_enable
000d65c0   _MCBSP_write
000d65e0   _IRQ_nmiEnable
000d6600   _IRQ_globalEnable
000d6620   ___etext__
000d6620   ISRAM$B
000d6620   _ISRAM_base
000d6620   etext
000de620   __SWI_lat3beg
000de620   SWI_F_enable
000de6a4   __SWI_lat3end
000de6a8   SWI_F_post
000de7b0   __SWI_lat1beg
000de83c   __SWI_lat1end1
000de840   SWI_F_exec
000de8b8   SWI_EXECFXN
000de8b8   SWI_F_iexec
000de8f8   __SWI_lat1end2
000de994   __SWI_lat2beg
000dea7c   __SWI_lat2end2
000dea80   SWI_RUNFXN
000dea80   SWI_F_run
000ded00   LNK_F_checkBufferCall
000ded20   LNK_F_getChanPtr
000ded6c   LNK_F_init
000ded74   LNK_F_dataPump
000ded80   LNK_rcloop
000dee30   LNK_rdrtry
000dee38   LNK_rrloop
000deeec   LNK_wrrtry
000deef4   LNK_wrloop
000defc4   LNK_newin
000df0d4   LNK_newout
000df214   LNK_F_readCallBack
000df240   _HWI_F_dispatch
000df240   HWI_F_dispatch
000df240   CLK_HOOKFXN
000df680   _malloc
000df6e8   _memalign
000df7f8   _calloc
000df880   _free
000df8c0   _realloc
000df9c0   PRD_F_swi
000dfc1c   PRD_F_tick
000dfce0   RTA_F_getlog
000dfd24   RTA_F_getsts
000dfd6c   RTA_F_readblk
000dfd8c   RTA_F_writeword
000dfd98   __RTA_lat1beg
000dfd98   RTA_F_resetmem
000dfdd0   __RTA_lat1end
000dfdd8   RTA_F_dispatch
000dfe18   RTA_execute
000dff60   _SEM_pendEnterKnl
000e01c0   _KNL_run
000e0400   CLK_F_getfhtime
000e0420   CLK_TIMEFXN
000e0420   CLK_F_gethtime
000e0420   CLK_F_getshtime
000e0494   CLK_F_getltime
000e04a0   CLK_F_isr
000e05f0   CLK_F_itime
000e05f0   _CLK_F_itime
000e05f0   _CLK_itime
000e0604   __CLK_lat1beg
000e0630   __CLK_lat1end
000e0640   PIP_F_take
000e06d4   PIP_F_probe
000e06d4   PIP_F_give
000e07a8   PIP_F_start
000e0a60   PRD_THOOKFXN
000e0a60   _KNL_tick
000e0a80   _MEM_alloc
000e0c80   _MEM_free
000e0e80   _TSK_setup
000e1040   __SEM_dopost
000e1200   _TSK_exit
000e13a0   _KNL_saveIsrFrame
000e1448   _KNL_switch
000e14f0   KNL_glue
000e1520   __auto_init
000e16b4   _TSK_startup
000e1780   _KNL_check
000e17b4   __KNL_lat1beg
000e182c   __KNL_lat1end
000e182c   _KNL_idle
000e1848   _KNL_max
000e1880   IDL_F_calibrate
000e1980   _SEM_post
000e1a60   _KNL_enter
000e1ad4   _KNL_exit
000e1b40   _MEM_init
000e1c00   _SEM_postEnterKnl
000e1cc0   _LCK_post
000e1d08   _LCK_pend
000e1d80   _ATM_andi
000e1d80   _ATM_andu
000e1da0   _ATM_clearu
000e1da0   _ATM_cleari
000e1db8   _ATM_decu
000e1db8   _ATM_deci
000e1dd4   _ATM_incu
000e1dd4   _ATM_inci
000e1df0   _ATM_ori
000e1df0   _ATM_oru
000e1e0c   _ATM_setu
000e1e0c   _ATM_seti
000e1e20   _SYS_exit
000e1ec0   _KNL_ipost
000e1f60   _KNL_post
000e2000   IDL_F_busy
000e2000   __IDL_lat1beg
000e2050   __IDL_lat1end
000e2080   FXN_F_nop
000e2088   _FXN_F_run
000e2088   FXN_F_run
000e20d8   _FXN_F_zero
000e20d8   FXN_F_zero
000e2100   __LOG_lat1beg
000e2100   LOG_F_event
000e2100   _LOG_event
000e2144   __LOG_lat1end1
000e2170   __LOG_lat1end2
000e2180   _GBL_cslInit
000e2200   _CLK_start
000e2200   _CLK_start6x
000e2280   _QUE_get
000e2280   __QUE_lat1beg
000e22a0   __QUE_lat1end
000e22a8   _QUE_put
000e22a8   __QUE_lat2beg
000e22c0   __QUE_lat2end
000e22e0   _TSK_init
000e2340   _SYS_error
000e23a0   _STS_delta
000e23a0   STS_F_delta
000e23b0   STS_F_add
000e23b0   _STS_add
000e23dc   STS_F_reset
000e23dc   _STS_reset
000e2400   _TRC_disable
000e2420   _TRC_enable
000e243c   _TRC_query
000e2460   SYS_PUTCFXN
000e2460   _UTL_doPutc
000e24c0   _SEM_pend
000e2520   IDL_CALIBRFXN
000e2520   IDL_F_stub
000e2560   _SWI_post
000e25a0   SYS_ABORTFXN
000e25a0   _UTL_doAbort
000e25e0   RTA_F_andn
000e2600   RTA_F_or
000e2620   IDL_F_loop
000e2620   _IDL_loop
000e2640   SYS_ERRORFXN
000e2640   _UTL_doError
000e2660   SYS_EXITFXN
000e2660   _UTL_halt
000e2680   GIO_DELETEFXN
000e2680   GIO_PENDFXN
000e2680   GIO_POSTFXN
000e2680   _FXN_F_nop
000e2680   GIO_CREATEFXN
000e2680   TSK_VEXITFXN
000e2680   TSK_VDELETEFXN
000e2680   GBL_USERINITFXN
000e2680   TSK_VCREATEFXN
000e26a0   _STS_set
000e26c0   GBL_F_version
000e26e0   _RTDX_SetInterrupt
000e27f4   _RTDX_Final_RT_Monitor
000e2808   _RTDX_Init_RT_Monitor
000e28a8   _RTDX_Poll
000e2b70   _RTDX_Mon_Queue
000e2cb8   _RTDX_IsFlowEnabled
000e2ce0   _RTDX_Buffer_Initialize
000e2fe0   _RTDX_Buffer_Write
000e31d4   _RTDX_Buffer_Read
000e3220   _RTDX_Mask_IER
000e3238   _RTDX_Set_IER
000e3240   RTA_toHost$buf
000e334c   _TSK_idle
000e334c   TSK_idle
000e33a0   SWI_A_TABBEG
000e33a0   _KNL_swi
000e33a0   KNL_swi
000e33cc   SWI_process_isr
000e33cc   _SWI_process_isr
000e33f8   PRD_clock
000e33f8   SWI_A_TABEND
000e33f8   CLK_A_TABBEG
000e33f8   _PRD_clock
000e33fc   CLK_null
000e3400   HWI_A_VECS
000e3400   CLK_A_TABEND
000e3400   hwi0
000e3420   hwi1
000e3440   hwi2
000e3460   hwi3
000e3480   hwi4
000e34a0   hwi5
000e34c0   hwi6
000e34e0   hwi7
000e3500   hwi8
000e3520   hwi9
000e3540   hwi10
000e3560   hwi11
000e3580   hwi12
000e35a0   hwi13
000e35c0   hwi14
000e35e0   hwi15
000e3600   .bss
000e3600   ___bss__
000e3600   $bss
000e3600   IDL_D_tabbeg
000e3604   IDL_D_calibrate
000e3608   IDL_D_calbeg
000e360c   LOG_D_system
000e360c   _LOG_D_system
000e3610   PIP_D_tabbeg
000e3614   PIP_D_tablen
000e3618   CLK_R_time
000e361c   CLK_D_timefxn
000e3620   CLK_D_tabbeg
000e3624   CLK_D_isrhook
000e3628   CLK_D_idletime
000e362c   SWI_D_curmask
000e362c   _SWI_D_curmask
000e3630   SWI_D_curset
000e3634   SWI_D_pending
000e3638   _SWI_D_curfxn
000e3638   SWI_D_curfxn
000e363c   SWI_D_curmbox
000e3640   _SWI_D_lock
000e3640   SWI_D_lock
000e3644   SWI_D_execaddr
000e3648   SWI_D_runaddr
000e364c   SWI_D_rdybeg
000e364c   _SWI_D_rdybeg
000e3650   SWI_D_ihook
000e3654   SWI_D_ehook
000e3658   SWI_D_rdytab
000e36d0   PRD_D_tick
000e36d0   _PRD_D_tick
000e36d4   PRD_D_cur
000e36d8   PRD_D_elapsed
000e36dc   PRD_D_prevtim
000e36e0   PRD_D_scalar
000e36e4   PRD_D_swihandle
000e36e8   PRD_D_tabbeg
000e36ec   PRD_D_tablen
000e36f0   PRD_D_thook
000e36f4   RTA_D_fromHost
000e36f8   RTA_D_toHost
000e36fc   RTA_D_logval
000e370c   RTA_D_stsval
000e3718   HST_D_chanmask
000e371c   _MEM_D_NUMSEGMENTS
000e3720   _MEM_D_memtab
000e3724   _MEM_D_freelist
000e3728   _MEM_D_lockaddr
000e372c   _MEM_D_unlockaddr
000e3730   _SYS
000e3734   _HWI_dispatchTab
000e3834   _MEM
000e3838   _KNL_queues
000e38d8   _KNL_dummy
000e3910   _KNL_swiptr
000e3914   _KNL_idlefxn
000e3918   _MEM_memtab
000e3930   __HOOK_knlId
000e3934   ISRAM
000e3934   MEM_SEGZERO
000e3934   RTDX_DATAMEMSEG
000e3934   MEM_MALLOCSEG
000e3934   TSK_STACKSEG
000e3934   HST_DSMBUFSEG
000e3934   _ISRAM
000e3938   SDRAM
000e3938   _SDRAM
000e393c   RTA_fromHost$pipe$dtab
000e3948   RTA_toHost$pipe$dtab
000e3954   _OBJ_table
000e39ac   _TSK
000e39b0   __HOOK_NUMHOOKS
000e39b4   _KNL_wFlag
000e39b8   _KNL_wList
000e39bc   _KNL_alarm
000e39c0   _KNL_setpri
000e39c4   _KNL_inactive
000e39c8   _KNL_priority
000e39cc   _KNL_set
000e39d0   _KNL_curtask
000e39d4   _KNL_prevtask
000e39d8   _KNL_curtime
000e39dc   _KNL_curqueue
000e39e0   _KNL_maxqueue
000e39e4   _KNL_tswitchfxn
000e39e8   _KNL_tcreatefxn
000e39ec   _KNL_tdeletefxn
000e39f0   _KNL_treadyfxn
000e39f4   _TSK_ATTRS
000e3a10   _TSK_timerSem
000e3a2c   __TSK_mutex
000e3a50   _SYS_exitStack
000e3a70   LNK_dspFrameRequestMask
000e3a74   LNK_dspFrameReadyMask
000e3a78   LNK_readPend
000e3a7c   LNK_readDone
000e3a80   LNK_readFail
000e3a84   LNK_writeFail
000e3a98   HWI_D_ccmask
000e3a9c   _HWI_D_spsave
000e3aa0   _TSK_nTasks
000e3aa4   _TSK_pid
000e3aa8   _GBL_irqEventTable
000e3aac   _GBL_irqIntTable
000e3ab0   _SYS_exitStackPtr
000e3ab4   _SYS_exitStackTop
000e3ac0   IDL_D_busyObj
000e3ac4   _GBL_cslTimerHandle
000e3ac8   _RTDX_Buffer
000e3ac8   end
000e3ac8   ___end__
000e3ed0   _RTDX_Buffer_Start
000e3ed4   _RTDX_Buffer_End
000e3ed8   _rtdx_buffer_state
000e3ee4   _RTDX_writing
000e3ef8   _rtdx_mon_state
000e3f18   __stack
000e3f18   _HWI_STKTOP
000e3f18   GBL_stackbeg
000e4310   _HWI_STKBOTTOM
000e4317   GBL_stackend
000e4318   TSK_idle$stack
000e46b0   TSK_idle$stkptr
000e4720   BIOS_init
000e4720   _BIOS_init
000e486c   BIOS$$CLKON
000e489c   BIOS$$CLKOFF
000e48fc   _BIOS_start
000e48fc   BIOS_start
000e49a0   _c_int00
000e4a60   _SYS_PUTCBEG
000e4c5f   _SYS_PUTCEND
000e4c60   STS_A_TABBEG
000e4c60   _STS_A_TABBEG
000e4c60   KNL_swi$sts$stsobj
000e4c64   KNL_swi$sts
000e4c70   SWI_process_isr$sts$stsobj
000e4c74   SWI_process_isr$sts
000e4c80   TSK_idle$sts$stsobj
000e4c84   TSK_idle$sts
000e4c90   IDL_busyObj$stsobj
000e4c94   _IDL_busyObj
000e4c94   IDL_busyObj
000e4ca0   STS_A_TABEND
000e4ca0   HST_A_TABBEG
000e4ca0   _STS_A_TABEND
000e4ca0   _HST_A_TABBEG
000e4ca4   RTA_fromHost
000e4ca4   _RTA_fromHost
000e4cac   RTA_fromHost$rtdx
000e4cb8   RTA_toHost
000e4cb8   _RTA_toHost
000e4cc0   RTA_toHost$rtdx
000e4ccc   _HST_A_TABEND
000e4ccc   HST_A_TABEND
000e4cf4   TRC_cinit
000e4cf8   _TRC_R_mask
000e4cf8   TRC_R_mask
000e4cfc   GBL_initdone
000e4d00   LOG_system$buf
000e4f80   _PIP_A_TABBEG
000e4f80   PIP_A_TABBEG
000e4f80   RTA_fromHost$pipe
000e4f84   RTA_fromHost$pipe$rd
000e4fb0   RTA_fromHost$pipe$aaa
000e4fb4   RTA_fromHost$pipe$wr
000e4fe0   RTA_fromHost$pipe$bbb
000e4fe4   RTA_toHost$pipe
000e4fe8   RTA_toHost$pipe$rd
000e5014   RTA_toHost$pipe$aaa
000e5018   RTA_toHost$pipe$wr
000e5044   RTA_toHost$pipe$bbb
000e5048   _LNK_dataPump
000e5048   _PIP_A_TABEND
000e5048   PIP_A_TABEND
000e5048   IDL_A_TABBEG
000e5048   LNK_dataPump
000e504c   _RTA_dispatcher
000e504c   RTA_dispatcher
000e5050   _IDL_cpuLoad
000e5050   IDL_cpuLoad
000e5054   IDL_END
000e5058   IDL_A_CALBEG
000e5058   IDL_A_TABEND
000e5058   LNK_dataPump$
000e505c   RTA_dispatcher$
000e5060   IDL_cpuLoad$
000e5064   IDL_END$
000e5068   RTA_fromHost$buf
000e5068   IDL_A_CALEND
000e5078   SYS$config
000e5088   pinit
000e5088   ___pinit__
01940000   _CLK_REGS
01940000   CLK_REGS
082039a3   HWI_INTRMULTHIGH
250718a4   HWI_INTRMULTLOW
80000000   SDRAM$B
80000000   _SDRAM_base
ffffffff   _FLASH
ffffffff   _BOOT
ffffffff   BOOT
ffffffff   FLASH
ffffffff   ___binit__
ffffffff   binit

[786 symbols]
